 game

 Timestamp is 5beb928b (Tue Nov 13 22:12:11 2018)

 Preferred load address is 20000000

 Start         Length     Name                   Class
 0001:00000000 000add85H .text$mn                CODE
 0001:000add90 00000139H .text$x                 CODE
 0002:00000000 00000160H .idata$5                DATA
 0002:00000160 00000004H .CRT$XCA                DATA
 0002:00000164 00000004H .CRT$XCZ                DATA
 0002:00000168 00000004H .CRT$XIA                DATA
 0002:0000016c 00000014H .CRT$XIC                DATA
 0002:00000180 00000004H .CRT$XIZ                DATA
 0002:00000184 00000004H .CRT$XPA                DATA
 0002:00000188 00000008H .CRT$XPX                DATA
 0002:00000190 00000004H .CRT$XPXA               DATA
 0002:00000194 00000004H .CRT$XPZ                DATA
 0002:00000198 00000004H .CRT$XTA                DATA
 0002:0000019c 00000004H .CRT$XTZ                DATA
 0002:000001a0 00018bd8H .rdata                  DATA
 0002:00018d78 00000064H .rdata$debug            DATA
 0002:00018ddc 00000388H .rdata$r                DATA
 0002:00019170 00000030H .rdata$sxdata           DATA
 0002:000191a0 00000004H .rtc$IAA                DATA
 0002:000191a4 00000004H .rtc$IZZ                DATA
 0002:000191a8 00000004H .rtc$TAA                DATA
 0002:000191ac 00000004H .rtc$TZZ                DATA
 0002:000191b0 00000d08H .xdata$x                DATA
 0002:00019ec0 00000046H .edata                  DATA
 0002:00019f08 00000014H .idata$2                DATA
 0002:00019f1c 00000014H .idata$3                DATA
 0002:00019f30 00000160H .idata$4                DATA
 0002:0001a090 0000065eH .idata$6                DATA
 0003:00000000 000123a0H .data                   DATA
 0003:000123a0 0000014fH .data$r                 DATA
 0003:00012500 0000da4cH .bss                    DATA
 0004:00000000 00000058H .rsrc$01                DATA
 0004:00000060 00000180H .rsrc$02                DATA

  Address         Publics by Value              Rva+Base       Lib:Object

 0000:00000000       ___guard_fids_count        00000000     <absolute>
 0000:00000000       __except_list              00000000     <absolute>
 0000:00000000       ___guard_flags             00000000     <absolute>
 0000:00000000       ___guard_fids_table        00000000     <absolute>
 0000:0000000c       ___safe_se_handler_count   0000000c     <absolute>
 0000:00000000       ___ImageBase               20000000     <linker-defined>
 0001:00000000       _AI_SetSightClient         20001000 f   g_ai.obj
 0001:000000c0       _FacingIdeal               200010c0 f   g_ai.obj
 0001:00000130       _FindTarget                20001130 f   g_ai.obj
 0001:00000660       _FoundTarget               20001660 f   g_ai.obj
 0001:00000860       _HuntTarget                20001860 f   g_ai.obj
 0001:000009b0       _M_CheckAttack             200019b0 f   g_ai.obj
 0001:00000d50       _ai_charge                 20001d50 f   g_ai.obj
 0001:00000e80       _ai_checkattack            20001e80 f   g_ai.obj
 0001:00001360       _ai_move                   20002360 f   g_ai.obj
 0001:000013a0       _ai_run                    200023a0 f   g_ai.obj
 0001:00002380       _ai_run_melee              20003380 f   g_ai.obj
 0001:000023e0       _ai_run_missile            200033e0 f   g_ai.obj
 0001:00002440       _ai_run_slide              20003440 f   g_ai.obj
 0001:00002510       _ai_stand                  20003510 f   g_ai.obj
 0001:00002810       _ai_turn                   20003810 f   g_ai.obj
 0001:00002880       _ai_walk                   20003880 f   g_ai.obj
 0001:00002990       _infront                   20003990 f   g_ai.obj
 0001:00002af0       _range                     20003af0 f   g_ai.obj
 0001:00002c00       _visible                   20003c00 f   g_ai.obj
 0001:00002d60       _ChaseNext                 20003d60 f   g_chase.obj
 0001:00002e20       _ChasePrev                 20003e20 f   g_chase.obj
 0001:00002ee0       _GetChaseTarget            20003ee0 f   g_chase.obj
 0001:00002f80       _UpdateChaseCam            20003f80 f   g_chase.obj
 0001:00003790       _ClientCommand             20004790 f   g_cmds.obj
 0001:00003bf0       _ClientTeam                20004bf0 f   g_cmds.obj
 0001:00003cb0       _Cmd_Drop_f                20004cb0 f   g_cmds.obj
 0001:00003d70       _Cmd_Give_f                20004d70 f   g_cmds.obj
 0001:00004260       _Cmd_God_f                 20005260 f   g_cmds.obj
 0001:00004300       _Cmd_InvDrop_f             20005300 f   g_cmds.obj
 0001:00004390       _Cmd_InvUse_f              20005390 f   g_cmds.obj
 0001:00004420       _Cmd_Inven_f               20005420 f   g_cmds.obj
 0001:000044d0       _Cmd_Kill_f                200054d0 f   g_cmds.obj
 0001:00004550       _Cmd_Noclip_f              20005550 f   g_cmds.obj
 0001:000045f0       _Cmd_Notarget_f            200055f0 f   g_cmds.obj
 0001:00004690       _Cmd_PlayerList_f          20005690 f   g_cmds.obj
 0001:000048a0       _Cmd_Players_f             200058a0 f   g_cmds.obj
 0001:00004a50       _Cmd_PutAway_f             20005a50 f   g_cmds.obj
 0001:00004a90       _Cmd_Say_f                 20005a90 f   g_cmds.obj
 0001:00004e50       _Cmd_Use_f                 20005e50 f   g_cmds.obj
 0001:00004f10       _Cmd_Wave_f                20005f10 f   g_cmds.obj
 0001:00005090       _Cmd_WeapLast_f            20006090 f   g_cmds.obj
 0001:00005130       _Cmd_WeapNext_f            20006130 f   g_cmds.obj
 0001:00005210       _Cmd_WeapPrev_f            20006210 f   g_cmds.obj
 0001:000052f0       _OnSameTeam                200062f0 f   g_cmds.obj
 0001:00005390       _PlayerSort                20006390 f   g_cmds.obj
 0001:00005410       _SelectNextItem            20006410 f   g_cmds.obj
 0001:000054e0       _SelectPrevItem            200064e0 f   g_cmds.obj
 0001:000055b0       _ValidateSelectedItem      200065b0 f   g_cmds.obj
 0001:000055f0       _CanDamage                 200065f0 f   g_combat.obj
 0001:00005fd0       _CheckTeamDamage           20006fd0 f   g_combat.obj
 0001:00005ff0       _Killed                    20006ff0 f   g_combat.obj
 0001:00006170       _M_ReactToDamage           20007170 f   g_combat.obj
 0001:00006480       _SpawnDamage               20007480 f   g_combat.obj
 0001:000064f0       _T_Damage                  200074f0 f   g_combat.obj
 0001:00006c30       _T_RadiusDamage            20007c30 f   g_combat.obj
 0001:00006f50       _AngleMove_Begin           20007f50 f   g_func.obj
 0001:000071a0       _AngleMove_Calc            200081a0 f   g_func.obj
 0001:00007280       _AngleMove_Done            20008280 f   g_func.obj
 0001:00007300       _AngleMove_Final           20008300 f   g_func.obj
 0001:000074f0       _Move_Begin                200084f0 f   g_func.obj
 0001:00007610       _Move_Calc                 20008610 f   g_func.obj
 0001:00007830       _Move_Done                 20008830 f   g_func.obj
 0001:000078b0       _Move_Final                200088b0 f   g_func.obj
 0001:00007950       _SP_func_button            20008950 f   g_func.obj
 0001:00007eb0       _SP_func_conveyor          20008eb0 f   g_func.obj
 0001:00007f60       _SP_func_door              20008f60 f   g_func.obj
 0001:00008740       _SP_func_door_rotating     20009740 f   g_func.obj
 0001:00009010       _SP_func_door_secret       2000a010 f   g_func.obj
 0001:000094d0       _SP_func_killbox           2000a4d0 f   g_func.obj
 0001:00009520       _SP_func_plat              2000a520 f   g_func.obj
 0001:00009b00       _SP_func_rotating          2000ab00 f   g_func.obj
 0001:00009db0       _SP_func_timer             2000adb0 f   g_func.obj
 0001:00009f20       _SP_func_train             2000af20 f   g_func.obj
 0001:0000a0f0       _SP_func_water             2000b0f0 f   g_func.obj
 0001:0000a750       _SP_trigger_elevator       2000b750 f   g_func.obj
 0001:0000a790       _Think_AccelMove           2000b790 f   g_func.obj
 0001:0000a880       _Think_CalcMoveSpeed       2000b880 f   g_func.obj
 0001:0000aa40       _Think_SpawnDoorTrigger    2000ba40 f   g_func.obj
 0001:0000ad30       _Touch_DoorTrigger         2000bd30 f   g_func.obj
 0001:0000ade0       _Touch_Plat_Center         2000bde0 f   g_func.obj
 0001:0000ae60       _Use_Plat                  2000be60 f   g_func.obj
 0001:0000ae90       _button_done               2000be90 f   g_func.obj
 0001:0000aee0       _button_fire               2000bee0 f   g_func.obj
 0001:0000afa0       _button_killed             2000bfa0 f   g_func.obj
 0001:0000aff0       _button_return             2000bff0 f   g_func.obj
 0001:0000b050       _button_touch              2000c050 f   g_func.obj
 0001:0000b0a0       _button_use                2000c0a0 f   g_func.obj
 0001:0000b0d0       _button_wait               2000c0d0 f   g_func.obj
 0001:0000b170       _door_blocked              2000c170 f   g_func.obj
 0001:0000b2b0       _door_go_down              2000c2b0 f   g_func.obj
 0001:0000b3d0       _door_go_up                2000c3d0 f   g_func.obj
 0001:0000b540       _door_hit_bottom           2000c540 f   g_func.obj
 0001:0000b5e0       _door_hit_top              2000c5e0 f   g_func.obj
 0001:0000b6c0       _door_killed               2000c6c0 f   g_func.obj
 0001:0000b730       _door_secret_blocked       2000c730 f   g_func.obj
 0001:0000b810       _door_secret_die           2000c810 f   g_func.obj
 0001:0000b850       _door_secret_done          2000c850 f   g_func.obj
 0001:0000b8b0       _door_secret_move1         2000c8b0 f   g_func.obj
 0001:0000b8f0       _door_secret_move2         2000c8f0 f   g_func.obj
 0001:0000b920       _door_secret_move3         2000c920 f   g_func.obj
 0001:0000b980       _door_secret_move4         2000c980 f   g_func.obj
 0001:0000b9b0       _door_secret_move5         2000c9b0 f   g_func.obj
 0001:0000b9f0       _door_secret_move6         2000c9f0 f   g_func.obj
 0001:0000ba20       _door_secret_use           2000ca20 f   g_func.obj
 0001:0000ba80       _door_touch                2000ca80 f   g_func.obj
 0001:0000bb40       _door_use                  2000cb40 f   g_func.obj
 0001:0000bc20       _door_use_areaportals      2000cc20 f   g_func.obj
 0001:0000bca0       _func_conveyor_use         2000cca0 f   g_func.obj
 0001:0000bd30       _func_timer_think          2000cd30 f   g_func.obj
 0001:0000bdd0       _func_timer_use            2000cdd0 f   g_func.obj
 0001:0000be60       _func_train_find           2000ce60 f   g_func.obj
 0001:0000c000       _plat_Accelerate           2000d000 f   g_func.obj
 0001:0000c2a0       _plat_CalcAcceleratedMove  2000d2a0 f   g_func.obj
 0001:0000c430       _plat_blocked              2000d430 f   g_func.obj
 0001:0000c510       _plat_go_down              2000d510 f   g_func.obj
 0001:0000c5c0       _plat_go_up                2000d5c0 f   g_func.obj
 0001:0000c670       _plat_hit_bottom           2000d670 f   g_func.obj
 0001:0000c700       _plat_hit_top              2000d700 f   g_func.obj
 0001:0000c7b0       _plat_spawn_inside_trigger 2000d7b0 f   g_func.obj
 0001:0000cb60       _rotating_blocked          2000db60 f   g_func.obj
 0001:0000cbb0       _rotating_touch            2000dbb0 f   g_func.obj
 0001:0000cc60       _rotating_use              2000dc60 f   g_func.obj
 0001:0000cd50       _train_blocked             2000dd50 f   g_func.obj
 0001:0000ce40       _train_next                2000de40 f   g_func.obj
 0001:0000d250       _train_resume              2000e250 f   g_func.obj
 0001:0000d410       _train_use                 2000e410 f   g_func.obj
 0001:0000d500       _train_wait                2000e500 f   g_func.obj
 0001:0000d6f0       _trigger_elevator_init     2000e6f0 f   g_func.obj
 0001:0000d7c0       _trigger_elevator_use      2000e7c0 f   g_func.obj
 0001:0000d870       _use_killbox               2000e870 f   g_func.obj
 0001:0000d890       _Use_Quad                  2000e890 f   g_items.obj
 0001:0000d9b0       _Pickup_Powerup            2000e9b0 f   g_items.obj
 0001:0000db90       _Drop_General              2000eb90 f   g_items.obj
 0001:0000dc00       _Pickup_Adrenaline         2000ec00 f   g_items.obj
 0001:0000dcb0       _Pickup_AncientHead        2000ecb0 f   g_items.obj
 0001:0000dd30       _Pickup_Bandolier          2000ed30 f   g_items.obj
 0001:0000df30       _Pickup_Pack               2000ef30 f   g_items.obj
 0001:0000e390       _Use_Breather              2000f390 f   g_items.obj
 0001:0000e450       _Use_Envirosuit            2000f450 f   g_items.obj
 0001:0000e510       _Use_Invulnerability       2000f510 f   g_items.obj
 0001:0000e610       _Use_Silencer              2000f610 f   g_items.obj
 0001:0000e690       _Pickup_Key                2000f690 f   g_items.obj
 0001:0000e820       _Pickup_Ammo               2000f820 f   g_items.obj
 0001:0000e990       _Drop_Ammo                 2000f990 f   g_items.obj
 0001:0000eab0       _Pickup_Health             2000fab0 f   g_items.obj
 0001:0000ec00       _Pickup_Armor              2000fc00 f   g_items.obj
 0001:0000ee50       _Use_PowerArmor            2000fe50 f   g_items.obj
 0001:0000ef80       _Pickup_PowerArmor         2000ff80 f   g_items.obj
 0001:0000f080       _Drop_PowerArmor           20010080 f   g_items.obj
 0001:0000f0f0       _Add_Ammo                  200100f0 f   g_items.obj
 0001:0000f230       _ArmorIndex                20010230 f   g_items.obj
 0001:0000f2b0       _DoRespawn                 200102b0 f   g_items.obj
 0001:0000f380       _Drop_Item                 20010380 f   g_items.obj
 0001:0000f6f0       _FindItem                  200106f0 f   g_items.obj
 0001:0000f760       _FindItemByClassname       20010760 f   g_items.obj
 0001:0000f7d0       _GetItemByIndex            200107d0 f   g_items.obj
 0001:0000f800       _InitItems                 20010800 f   g_items.obj
 0001:0000f820       _MegaHealth_think          20010820 f   g_items.obj
 0001:0000f8e0       _PowerArmorType            200108e0 f   g_items.obj
 0001:0000f950       _PrecacheItem              20010950 f   g_items.obj
 0001:0000fba0       _SP_item_health            20010ba0 f   g_items.obj
 0001:0000fc30       _SP_item_health_large      20010c30 f   g_items.obj
 0001:0000fcc0       _SP_item_health_mega       20010cc0 f   g_items.obj
 0001:0000fd60       _SP_item_health_small      20010d60 f   g_items.obj
 0001:0000fe00       _SetItemNames              20010e00 f   g_items.obj
 0001:0000fef0       _SetRespawn                20010ef0 f   g_items.obj
 0001:0000ff70       _SpawnItem                 20010f70 f   g_items.obj
 0001:000101f0       _Touch_Item                200111f0 f   g_items.obj
 0001:000105b0       _Use_Item                  200115b0 f   g_items.obj
 0001:000106e0       _droptofloor               200116e0 f   g_items.obj
 0001:00010b70       _CheckDMRules              20011b70 f   g_main.obj
 0001:00010cb0       _CheckNeedPass             20011cb0 f   g_main.obj
 0001:00010d80       _ClientEndServerFrames     20011d80 f   g_main.obj
 0001:00010df0       _Com_Printf                20011df0 f   g_main.obj
 0001:00010e50       _CreateTargetChangeLevel   20011e50 f   g_main.obj
 0001:00010ea0       _EndDMLevel                20011ea0 f   g_main.obj
 0001:00011050       _ExitLevel                 20012050 f   g_main.obj
 0001:00011150       _G_RunFrame                20012150 f   g_main.obj
 0001:000112f0       _GetGameAPI                200122f0 f   g_main.obj
 0001:000113c0       _ShutdownGame              200123c0 f   g_main.obj
 0001:00011400       _Sys_Error                 20012400 f   g_main.obj
 0001:00011470       _BecomeExplosion1          20012470 f   g_misc.obj
 0001:000114d0       _BecomeExplosion2          200124d0 f   g_misc.obj
 0001:00011530       _ClipGibVelocity           20012530 f   g_misc.obj
 0001:000116a0       _SP_func_areaportal        200126a0 f   g_misc.obj
 0001:000116d0       _SP_func_clock             200126d0 f   g_misc.obj
 0001:00011810       _SP_func_explosive         20012810 f   g_misc.obj
 0001:00011980       _SP_func_object            20012980 f   g_misc.obj
 0001:00011bd0       _SP_func_wall              20012bd0 f   g_misc.obj
 0001:00011d30       _SP_info_notnull           20012d30 f   g_misc.obj
 0001:00011e10       _SP_info_null              20012e10 f   g_misc.obj
 0001:00011e30       _SP_light                  20012e30 f   g_misc.obj
 0001:00011ee0       _SP_light_mine1            20012ee0 f   g_misc.obj
 0001:00011f30       _SP_light_mine2            20012f30 f   g_misc.obj
 0001:00011f80       _SP_misc_banner            20012f80 f   g_misc.obj
 0001:00012010       _SP_misc_bigviper          20013010 f   g_misc.obj
 0001:00012110       _SP_misc_blackhole         20013110 f   g_misc.obj
 0001:00012250       _SP_misc_deadsoldier       20013250 f   g_misc.obj
 0001:00012450       _SP_misc_easterchick       20013450 f   g_misc.obj
 0001:00012580       _SP_misc_easterchick2      20013580 f   g_misc.obj
 0001:000126b0       _SP_misc_eastertank        200136b0 f   g_misc.obj
 0001:000127e0       _SP_misc_explobox          200137e0 f   g_misc.obj
 0001:000129e0       _SP_misc_gib_arm           200139e0 f   g_misc.obj
 0001:00012b40       _SP_misc_gib_head          20013b40 f   g_misc.obj
 0001:00012ca0       _SP_misc_gib_leg           20013ca0 f   g_misc.obj
 0001:00012e00       _SP_misc_satellite_dish    20013e00 f   g_misc.obj
 0001:00012f00       _SP_misc_strogg_ship       20013f00 f   g_misc.obj
 0001:000130f0       _SP_misc_teleporter        200140f0 f   g_misc.obj
 0001:00013370       _SP_misc_teleporter_dest   20014370 f   g_misc.obj
 0001:00013460       _SP_misc_viper             20014460 f   g_misc.obj
 0001:00013640       _SP_misc_viper_bomb        20014640 f   g_misc.obj
 0001:00013770       _SP_monster_commander_body 20014770 f   g_misc.obj
 0001:00013900       _SP_path_corner            20014900 f   g_misc.obj
 0001:00013a30       _SP_point_combat           20014a30 f   g_misc.obj
 0001:00013b50       _SP_target_character       20014b50 f   g_misc.obj
 0001:00013bb0       _SP_target_string          20014bb0 f   g_misc.obj
 0001:00013bf0       _SP_viewthing              20014bf0 f   g_misc.obj
 0001:00013d30       _TH_viewthing              20014d30 f   g_misc.obj
 0001:00013d80       _ThrowClientHead           20014d80 f   g_misc.obj
 0001:00014030       _ThrowDebris               20015030 f   g_misc.obj
 0001:00014310       _ThrowGib                  20015310 f   g_misc.obj
 0001:00014720       _ThrowHead                 20015720 f   g_misc.obj
 0001:000149e0       _Use_Areaportal            200159e0 f   g_misc.obj
 0001:00014a30       _VelocityForDamage         20015a30 f   g_misc.obj
 0001:00014b50       _barrel_delay              20015b50 f   g_misc.obj
 0001:00014bb0       _barrel_explode            20015bb0 f   g_misc.obj
 0001:00015ec0       _barrel_touch              20016ec0 f   g_misc.obj
 0001:00016000       _commander_body_drop       20017000 f   g_misc.obj
 0001:00016050       _commander_body_think      20017050 f   g_misc.obj
 0001:00016100       _commander_body_use        20017100 f   g_misc.obj
 0001:00016190       _debris_die                20017190 f   g_misc.obj
 0001:000163e0       _func_clock_think          200173e0 f   g_misc.obj
 0001:00016690       _func_clock_use            20017690 f   g_misc.obj
 0001:000166f0       _func_explosive_explode    200176f0 f   g_misc.obj
 0001:00016d00       _func_explosive_spawn      20017d00 f   g_misc.obj
 0001:00016d60       _func_explosive_use        20017d60 f   g_misc.obj
 0001:00016da0       _func_object_release       20017da0 f   g_misc.obj
 0001:00016dd0       _func_object_touch         20017dd0 f   g_misc.obj
 0001:00016e50       _func_object_use           20017e50 f   g_misc.obj
 0001:00016eb0       _func_wall_use             20017eb0 f   g_misc.obj
 0001:00016f50       _gib_die                   20017f50 f   g_misc.obj
 0001:00016f70       _gib_think                 20017f70 f   g_misc.obj
 0001:00017010       _gib_touch                 20018010 f   g_misc.obj
 0001:000171e0       _misc_banner_think         200181e0 f   g_misc.obj
 0001:00017230       _misc_blackhole_think      20018230 f   g_misc.obj
 0001:000172b0       _misc_blackhole_use        200182b0 f   g_misc.obj
 0001:000172d0       _misc_deadsoldier_die      200182d0 f   g_misc.obj
 0001:00017390       _misc_easterchick2_think   20018390 f   g_misc.obj
 0001:00017410       _misc_easterchick_think    20018410 f   g_misc.obj
 0001:00017490       _misc_eastertank_think     20018490 f   g_misc.obj
 0001:00017510       _misc_satellite_dish_think 20018510 f   g_misc.obj
 0001:00017560       _misc_satellite_dish_use   20018560 f   g_misc.obj
 0001:000175b0       _misc_strogg_ship_use      200185b0 f   g_misc.obj
 0001:00017600       _misc_viper_bomb_prethink  20018600 f   g_misc.obj
 0001:000176f0       _misc_viper_bomb_touch     200186f0 f   g_misc.obj
 0001:00017790       _misc_viper_bomb_use       20018790 f   g_misc.obj
 0001:000178e0       _misc_viper_use            200188e0 f   g_misc.obj
 0001:00017930       _path_corner_touch         20018930 f   g_misc.obj
 0001:00017c80       _point_combat_touch        20018c80 f   g_misc.obj
 0001:00017ed0       _target_string_use         20018ed0 f   g_misc.obj
 0001:00017fc0       _teleporter_touch          20018fc0 f   g_misc.obj
 0001:00018320       _AttackFinished            20019320 f   g_monster.obj
 0001:00018350       _M_CatagorizePosition      20019350 f   g_monster.obj
 0001:000184d0       _M_CheckGround             200194d0 f   g_monster.obj
 0001:00018750       _M_FlyCheck                20019750 f   g_monster.obj
 0001:000187f0       _M_MoveFrame               200197f0 f   g_monster.obj
 0001:000189f0       _M_SetEffects              200199f0 f   g_monster.obj
 0001:00018ad0       _M_WorldEffects            20019ad0 f   g_monster.obj
 0001:000190b0       _M_droptofloor             2001a0b0 f   g_monster.obj
 0001:00019250       _flymonster_start          2001a250 f   g_monster.obj
 0001:00019290       _flymonster_start_go       2001a290 f   g_monster.obj
 0001:00019360       _monster_death_use         2001a360 f   g_monster.obj
 0001:00019410       _monster_fire_bfg          2001a410 f   g_monster.obj
 0001:00019490       _monster_fire_blaster      2001a490 f   g_monster.obj
 0001:00019510       _monster_fire_bullet       2001a510 f   g_monster.obj
 0001:00019590       _monster_fire_grenade      2001a590 f   g_monster.obj
 0001:00019620       _monster_fire_railgun      2001a620 f   g_monster.obj
 0001:00019690       _monster_fire_rocket       2001a690 f   g_monster.obj
 0001:00019720       _monster_fire_shotgun      2001a720 f   g_monster.obj
 0001:000197a0       _monster_start             2001a7a0 f   g_monster.obj
 0001:00019a20       _monster_start_go          2001aa20 f   g_monster.obj
 0001:00019e90       _monster_think             2001ae90 f   g_monster.obj
 0001:00019f00       _monster_triggered_spawn   2001af00 f   g_monster.obj
 0001:00019ff0       _monster_triggered_spawn_use 2001aff0 f   g_monster.obj
 0001:0001a050       _monster_triggered_start   2001b050 f   g_monster.obj
 0001:0001a0b0       _monster_use               2001b0b0 f   g_monster.obj
 0001:0001a120       _swimmonster_start         2001b120 f   g_monster.obj
 0001:0001a160       _swimmonster_start_go      2001b160 f   g_monster.obj
 0001:0001a1d0       _walkmonster_start         2001b1d0 f   g_monster.obj
 0001:0001a200       _walkmonster_start_go      2001b200 f   g_monster.obj
 0001:0001a300       _ClipVelocity              2001b300 f   g_phys.obj
 0001:0001a460       _G_RunEntity               2001b460 f   g_phys.obj
 0001:0001a530       _SV_AddGravity             2001b530 f   g_phys.obj
 0001:0001a590       _SV_AddRotationalFriction  2001b590 f   g_phys.obj
 0001:0001a6c0       _SV_CheckVelocity          2001b6c0 f   g_phys.obj
 0001:0001a770       _SV_FlyMove                2001b770 f   g_phys.obj
 0001:0001b020       _SV_Impact                 2001c020 f   g_phys.obj
 0001:0001b0b0       _SV_Physics_Noclip         2001c0b0 f   g_phys.obj
 0001:0001b140       _SV_Physics_None           2001c140 f   g_phys.obj
 0001:0001b160       _SV_Physics_Pusher         2001c160 f   g_phys.obj
 0001:0001b3c0       _SV_Physics_Step           2001c3c0 f   g_phys.obj
 0001:0001ba00       _SV_Physics_Toss           2001ca00 f   g_phys.obj
 0001:0001bed0       _SV_Push                   2001ced0 f   g_phys.obj
 0001:0001cbd0       _SV_PushEntity             2001dbd0 f   g_phys.obj
 0001:0001ce60       _SV_RunThink               2001de60 f   g_phys.obj
 0001:0001cf00       _SV_TestEntityPosition     2001df00 f   g_phys.obj
 0001:0001cfa0       _InitGame                  2001dfa0 f   g_save.obj
 0001:0001d3e0       _ReadClient                2001e3e0 f   g_save.obj
 0001:0001d440       _ReadEdict                 2001e440 f   g_save.obj
 0001:0001d4a0       _ReadField                 2001e4a0 f   g_save.obj
 0001:0001d660       _ReadGame                  2001e660 f   g_save.obj
 0001:0001d7b0       _ReadLevel                 2001e7b0 f   g_save.obj
 0001:0001da40       _ReadLevelLocals           2001ea40 f   g_save.obj
 0001:0001daa0       _WriteClient               2001eaa0 f   g_save.obj
 0001:0001db60       _WriteEdict                2001eb60 f   g_save.obj
 0001:0001dc20       _WriteField1               2001ec20 f   g_save.obj
 0001:0001ddd0       _WriteField2               2001edd0 f   g_save.obj
 0001:0001de40       _WriteGame                 2001ee40 f   g_save.obj
 0001:0001df40       _WriteLevel                2001ef40 f   g_save.obj
 0001:0001e050       _WriteLevelLocals          2001f050 f   g_save.obj
 0001:0001e110       _SP_worldspawn             2001f110 f   g_spawn.obj
 0001:0001e7d0       _ED_CallSpawn              2001f7d0 f   g_spawn.obj
 0001:0001e8d0       _ED_NewString              2001f8d0 f   g_spawn.obj
 0001:0001e9a0       _ED_ParseEdict             2001f9a0 f   g_spawn.obj
 0001:0001eaf0       _ED_ParseField             2001faf0 f   g_spawn.obj
 0001:0001ed20       _G_FindTeams               2001fd20 f   g_spawn.obj
 0001:0001eec0       _SpawnEntities             2001fec0 f   g_spawn.obj
 0001:0001f240       _SVCmd_AddIP_f             20020240 f   g_svcmds.obj
 0001:0001f310       _SVCmd_ListIP_f            20020310 f   g_svcmds.obj
 0001:0001f3b0       _SVCmd_RemoveIP_f          200203b0 f   g_svcmds.obj
 0001:0001f4d0       _SVCmd_WriteIP_f           200204d0 f   g_svcmds.obj
 0001:0001f670       _SV_FilterPacket           20020670 f   g_svcmds.obj
 0001:0001f7a0       _ServerCommand             200207a0 f   g_svcmds.obj
 0001:0001fa60       _Svcmd_Test_f              20020a60 f   g_svcmds.obj
 0001:0001fa90       _SP_target_blaster         20020a90 f   g_target.obj
 0001:0001fb30       _SP_target_changelevel     20020b30 f   g_target.obj
 0001:0001fbd0       _SP_target_crosslevel_target 20020bd0 f   g_target.obj
 0001:0001fc50       _SP_target_crosslevel_trigger 20020c50 f   g_target.obj
 0001:0001fc80       _SP_target_earthquake      20020c80 f   g_target.obj
 0001:0001fd50       _SP_target_explosion       20020d50 f   g_target.obj
 0001:0001fd80       _SP_target_goal            20020d80 f   g_target.obj
 0001:0001fe10       _SP_target_help            20020e10 f   g_target.obj
 0001:0001fea0       _SP_target_laser           20020ea0 f   g_target.obj
 0001:0001fee0       _SP_target_lightramp       20020ee0 f   g_target.obj
 0001:00020140       _SP_target_secret          20021140 f   g_target.obj
 0001:00020250       _SP_target_spawner         20021250 f   g_target.obj
 0001:000202e0       _SP_target_speaker         200212e0 f   g_target.obj
 0001:00020450       _SP_target_splash          20021450 f   g_target.obj
 0001:000204b0       _SP_target_temp_entity     200214b0 f   g_target.obj
 0001:000204d0       _Use_Target_Help           200214d0 f   g_target.obj
 0001:00020540       _Use_Target_Speaker        20021540 f   g_target.obj
 0001:00020600       _Use_Target_Tent           20021600 f   g_target.obj
 0001:00020650       _target_crosslevel_target_think 20021650 f   g_target.obj
 0001:000206a0       _target_earthquake_think   200216a0 f   g_target.obj
 0001:000208e0       _target_earthquake_use     200218e0 f   g_target.obj
 0001:00020950       _target_explosion_explode  20021950 f   g_target.obj
 0001:00020a30       _target_laser_off          20021a30 f   g_target.obj
 0001:00020a80       _target_laser_on           20021a80 f   g_target.obj
 0001:00020af0       _target_laser_start        20021af0 f   g_target.obj
 0001:00020d80       _target_laser_think        20021d80 f   g_target.obj
 0001:000211e0       _target_laser_use          200221e0 f   g_target.obj
 0001:00021230       _target_lightramp_think    20022230 f   g_target.obj
 0001:000213d0       _target_lightramp_use      200223d0 f   g_target.obj
 0001:00021520       _trigger_crosslevel_trigger_use 20022520 f   g_target.obj
 0001:00021560       _use_target_blaster        20022560 f   g_target.obj
 0001:00021620       _use_target_changelevel    20022620 f   g_target.obj
 0001:00021790       _use_target_explosion      20022790 f   g_target.obj
 0001:00021800       _use_target_goal           20022800 f   g_target.obj
 0001:000218a0       _use_target_secret         200228a0 f   g_target.obj
 0001:00021920       _use_target_spawner        20022920 f   g_target.obj
 0001:00021ab0       _use_target_splash         20022ab0 f   g_target.obj
 0001:00021b80       _InitTrigger               20022b80 f   g_trigger.obj
 0001:00021c00       _SP_trigger_always         20022c00 f   g_trigger.obj
 0001:00021c50       _SP_trigger_counter        20022c50 f   g_trigger.obj
 0001:00021ca0       _SP_trigger_gravity        20022ca0 f   g_trigger.obj
 0001:00021d20       _SP_trigger_hurt           20022d20 f   g_trigger.obj
 0001:00021dd0       _SP_trigger_key            20022dd0 f   g_trigger.obj
 0001:00021ec0       _SP_trigger_monsterjump    20022ec0 f   g_trigger.obj
 0001:00021f80       _SP_trigger_multiple       20022f80 f   g_trigger.obj
 0001:000220f0       _SP_trigger_once           200230f0 f   g_trigger.obj
 0001:000221c0       _SP_trigger_push           200231c0 f   g_trigger.obj
 0001:00022240       _SP_trigger_relay          20023240 f   g_trigger.obj
 0001:00022260       _Touch_Multi               20023260 f   g_trigger.obj
 0001:00022340       _Use_Multi                 20023340 f   g_trigger.obj
 0001:00022370       _hurt_touch                20023370 f   g_trigger.obj
 0001:000224c0       _hurt_use                  200234c0 f   g_trigger.obj
 0001:00022520       _multi_trigger             20023520 f   g_trigger.obj
 0001:000225e0       _multi_wait                200235e0 f   g_trigger.obj
 0001:00022610       _trigger_counter_use       20023610 f   g_trigger.obj
 0001:00022750       _trigger_enable            20023750 f   g_trigger.obj
 0001:00022790       _trigger_gravity_touch     20023790 f   g_trigger.obj
 0001:000227c0       _trigger_key_use           200237c0 f   g_trigger.obj
 0001:00022ad0       _trigger_monsterjump_touch 20023ad0 f   g_trigger.obj
 0001:00022bc0       _trigger_push_touch        20023bc0 f   g_trigger.obj
 0001:00022d80       _trigger_relay_use         20023d80 f   g_trigger.obj
 0001:00022da0       _AnglesNormalize           20023da0 f   g_turret.obj
 0001:00022ec0       _SP_turret_base            20023ec0 f   g_turret.obj
 0001:00022f20       _SP_turret_breach          20023f20 f   g_turret.obj
 0001:00023110       _SP_turret_driver          20024110 f   g_turret.obj
 0001:000233e0       _SnapToEights              200243e0 f   g_turret.obj
 0001:00023460       _turret_blocked            20024460 f   g_turret.obj
 0001:000234f0       _turret_breach_finish_init 200244f0 f   g_turret.obj
 0001:00023660       _turret_breach_fire        20024660 f   g_turret.obj
 0001:00023800       _turret_breach_think       20024800 f   g_turret.obj
 0001:00024340       _turret_driver_die         20025340 f   g_turret.obj
 0001:00024420       _turret_driver_link        20025420 f   g_turret.obj
 0001:00024750       _turret_driver_think       20025750 f   g_turret.obj
 0001:00024a80       _G_CopyString              20025a80 f   g_utils.obj
 0001:00024ad0       _G_Find                    20025ad0 f   g_utils.obj
 0001:00024b60       _G_FreeEdict               20025b60 f   g_utils.obj
 0001:00024bf0       _G_InitEdict               20025bf0 f   g_utils.obj
 0001:00024c40       _G_PickTarget              20025c40 f   g_utils.obj
 0001:00024d00       _G_ProjectSource           20025d00 f   g_utils.obj
 0001:00024e50       _G_SetMovedir              20025e50 f   g_utils.obj
 0001:00024f90       _G_Spawn                   20025f90 f   g_utils.obj
 0001:00025080       _G_TouchSolids             20026080 f   g_utils.obj
 0001:00025150       _G_TouchTriggers           20026150 f   g_utils.obj
 0001:00025240       _G_UseTargets              20026240 f   g_utils.obj
 0001:00025530       _KillBox                   20026530 f   g_utils.obj
 0001:00025600       _Think_Delay               20026600 f   g_utils.obj
 0001:00025640       _findradius                20026640 f   g_utils.obj
 0001:00025760       _tv                        20026760 f   g_utils.obj
 0001:000257d0       _vectoangles               200267d0 f   g_utils.obj
 0001:00025a50       _vectoyaw                  20026a50 f   g_utils.obj
 0001:00025b60       _vtos                      20026b60 f   g_utils.obj
 0001:00026190       _bfg_explode               20027190 f   g_weapon.obj
 0001:000264f0       _bfg_think                 200274f0 f   g_weapon.obj
 0001:000268f0       _bfg_touch                 200278f0 f   g_weapon.obj
 0001:00026b70       _blaster_touch             20027b70 f   g_weapon.obj
 0001:00026ec0       _fire_bfg                  20027ec0 f   g_weapon.obj
 0001:000271b0       _fire_blaster              200281b0 f   g_weapon.obj
 0001:00027510       _fire_bullet               20028510 f   g_weapon.obj
 0001:00027550       _fire_grenade              20028550 f   g_weapon.obj
 0001:00027890       _fire_grenade2             20028890 f   g_weapon.obj
 0001:00027c70       _fire_hit                  20028c70 f   g_weapon.obj
 0001:00028a80       _fire_rail                 20029a80 f   g_weapon.obj
 0001:00028ce0       _fire_rocket               20029ce0 f   g_weapon.obj
 0001:00028f90       _fire_shotgun              20029f90 f   g_weapon.obj
 0001:00028ff0       _rocket_touch              20029ff0 f   g_weapon.obj
 0001:00029220       _actor_run                 2002a220 f   m_actor.obj
 0001:000292b0       _actor_dead                2002a2b0 f   m_actor.obj
 0001:000293b0       _actor_fire                2002a3b0 f   m_actor.obj
 0001:00029420       _SP_misc_actor             2002a420 f   m_actor.obj
 0001:000296b0       _SP_target_actor           2002a6b0 f   m_actor.obj
 0001:00029890       _actorMachineGun           2002a890 f   m_actor.obj
 0001:00029b00       _actor_attack              2002ab00 f   m_actor.obj
 0001:00029b60       _actor_die                 2002ab60 f   m_actor.obj
 0001:00029c70       _actor_pain                2002ac70 f   m_actor.obj
 0001:00029ec0       _actor_stand               2002aec0 f   m_actor.obj
 0001:00029f30       _actor_use                 2002af30 f   m_actor.obj
 0001:0002a120       _actor_walk                2002b120 f   m_actor.obj
 0001:0002a140       _target_actor_touch        2002b140 f   m_actor.obj
 0001:0002a5a0       _berserk_fidget            2002b5a0 f   m_berserk.obj
 0001:0002a640       _berserk_stand             2002b640 f   m_berserk.obj
 0001:0002a660       _berserk_run               2002b660 f   m_berserk.obj
 0001:0002a6a0       _berserk_attack_spike      2002b6a0 f   m_berserk.obj
 0001:0002a6e0       _berserk_swing             2002b6e0 f   m_berserk.obj
 0001:0002a730       _berserk_attack_club       2002b730 f   m_berserk.obj
 0001:0002a7d0       _berserk_strike            2002b7d0 f   m_berserk.obj
 0001:0002a7e0       _berserk_dead              2002b7e0 f   m_berserk.obj
 0001:0002a8e0       _SP_monster_berserk        2002b8e0 f   m_berserk.obj
 0001:0002ab40       _berserk_die               2002bb40 f   m_berserk.obj
 0001:0002acd0       _berserk_melee             2002bcd0 f   m_berserk.obj
 0001:0002ad20       _berserk_pain              2002bd20 f   m_berserk.obj
 0001:0002ae30       _berserk_search            2002be30 f   m_berserk.obj
 0001:0002ae80       _berserk_sight             2002be80 f   m_berserk.obj
 0001:0002aed0       _berserk_walk              2002bed0 f   m_berserk.obj
 0001:0002aef0       _boss2_run                 2002bef0 f   m_boss2.obj
 0001:0002af30       _boss2_dead                2002bf30 f   m_boss2.obj
 0001:0002b030       _boss2_attack_mg           2002c030 f   m_boss2.obj
 0001:0002b050       _boss2_reattack_mg         2002c050 f   m_boss2.obj
 0001:0002b0d0       _Boss2Rocket               2002c0d0 f   m_boss2.obj
 0001:0002b6c0       _Boss2MachineGun           2002c6c0 f   m_boss2.obj
 0001:0002b6f0       _Boss2_CheckAttack         2002c6f0 f   m_boss2.obj
 0001:0002bb10       _SP_monster_boss2          2002cb10 f   m_boss2.obj
 0001:0002bd70       _boss2_attack              2002cd70 f   m_boss2.obj
 0001:0002beb0       _boss2_die                 2002ceb0 f   m_boss2.obj
 0001:0002bf40       _boss2_firebullet_left     2002cf40 f   m_boss2.obj
 0001:0002c0c0       _boss2_firebullet_right    2002d0c0 f   m_boss2.obj
 0001:0002c250       _boss2_pain                2002d250 f   m_boss2.obj
 0001:0002c3b0       _boss2_search              2002d3b0 f   m_boss2.obj
 0001:0002c430       _boss2_stand               2002d430 f   m_boss2.obj
 0001:0002c450       _boss2_walk                2002d450 f   m_boss2.obj
 0001:0002c470       _SP_monster_boss3_stand    2002d470 f   m_boss3.obj
 0001:0002c5f0       _Think_Boss3Stand          2002d5f0 f   m_boss3.obj
 0001:0002c650       _Use_Boss3                 2002d650 f   m_boss3.obj
 0001:0002c6b0       _jorg_dead                 2002d6b0 f   m_boss31.obj
 0001:0002c6c0       _jorgBFG                   2002d6c0 f   m_boss31.obj
 0001:0002c8d0       _jorg_firebullet           2002d8d0 f   m_boss31.obj
 0001:0002c900       _jorg_reattack1            2002d900 f   m_boss31.obj
 0001:0002c9a0       _jorg_attack1              2002d9a0 f   m_boss31.obj
 0001:0002c9c0       _jorg_idle                 2002d9c0 f   m_boss31.obj
 0001:0002ca10       _jorg_step_left            2002da10 f   m_boss31.obj
 0001:0002ca60       _jorg_step_right           2002da60 f   m_boss31.obj
 0001:0002cab0       _jorg_run                  2002dab0 f   m_boss31.obj
 0001:0002caf0       _Jorg_CheckAttack          2002daf0 f   m_boss31.obj
 0001:0002cf10       _SP_monster_jorg           2002df10 f   m_boss31.obj
 0001:0002d230       _jorg_attack               2002e230 f   m_boss31.obj
 0001:0002d3f0       _jorg_death_hit            2002e3f0 f   m_boss31.obj
 0001:0002d440       _jorg_die                  2002e440 f   m_boss31.obj
 0001:0002d4d0       _jorg_firebullet_left      2002e4d0 f   m_boss31.obj
 0001:0002d650       _jorg_firebullet_right     2002e650 f   m_boss31.obj
 0001:0002d7d0       _jorg_pain                 2002e7d0 f   m_boss31.obj
 0001:0002da70       _jorg_search               2002ea70 f   m_boss31.obj
 0001:0002db90       _jorg_stand                2002eb90 f   m_boss31.obj
 0001:0002dbb0       _jorg_walk                 2002ebb0 f   m_boss31.obj
 0001:0002dbd0       _makronBFG                 2002ebd0 f   m_boss32.obj
 0001:0002ddd0       _makron_dead               2002edd0 f   m_boss32.obj
 0001:0002ded0       _makron_taunt              2002eed0 f   m_boss32.obj
 0001:0002dff0       _makron_hit                2002eff0 f   m_boss32.obj
 0001:0002e040       _makron_popup              2002f040 f   m_boss32.obj
 0001:0002e090       _makron_brainsplorch       2002f090 f   m_boss32.obj
 0001:0002e0e0       _makron_prerailgun         2002f0e0 f   m_boss32.obj
 0001:0002e130       _makron_run                2002f130 f   m_boss32.obj
 0001:0002e170       _MakronRailgun             2002f170 f   m_boss32.obj
 0001:0002e2a0       _MakronSaveloc             2002f2a0 f   m_boss32.obj
 0001:0002e360       _MakronHyperblaster        2002f360 f   m_boss32.obj
 0001:0002e600       _makron_step_left          2002f600 f   m_boss32.obj
 0001:0002e650       _makron_step_right         2002f650 f   m_boss32.obj
 0001:0002e6a0       _MakronPrecache            2002f6a0 f   m_boss32.obj
 0001:0002e7d0       _MakronSpawn               2002f7d0 f   m_boss32.obj
 0001:0002e930       _MakronToss                2002f930 f   m_boss32.obj
 0001:0002e9e0       _Makron_CheckAttack        2002f9e0 f   m_boss32.obj
 0001:0002ee00       _SP_monster_makron         2002fe00 f   m_boss32.obj
 0001:0002f000       _makron_attack             20030000 f   m_boss32.obj
 0001:0002f150       _makron_die                20030150 f   m_boss32.obj
 0001:0002f3c0       _makron_pain               200303c0 f   m_boss32.obj
 0001:0002f620       _makron_sight              20030620 f   m_boss32.obj
 0001:0002f640       _makron_stand              20030640 f   m_boss32.obj
 0001:0002f660       _makron_torso              20030660 f   m_boss32.obj
 0001:0002f7a0       _makron_torso_think        200307a0 f   m_boss32.obj
 0001:0002f820       _makron_walk               20030820 f   m_boss32.obj
 0001:0002f840       _brain_run                 20030840 f   m_brain.obj
 0001:0002f890       _brain_dead                20030890 f   m_brain.obj
 0001:0002f990       _brain_stand               20030990 f   m_brain.obj
 0001:0002f9b0       _brain_duck_down           200309b0 f   m_brain.obj
 0001:0002fa40       _brain_duck_hold           20030a40 f   m_brain.obj
 0001:0002faa0       _brain_duck_up             20030aa0 f   m_brain.obj
 0001:0002fb10       _brain_swing_right         20030b10 f   m_brain.obj
 0001:0002fb60       _brain_hit_right           20030b60 f   m_brain.obj
 0001:0002fc40       _brain_swing_left          20030c40 f   m_brain.obj
 0001:0002fc90       _brain_hit_left            20030c90 f   m_brain.obj
 0001:0002fd70       _brain_chest_open          20030d70 f   m_brain.obj
 0001:0002fdf0       _brain_tentacle_attack     20030df0 f   m_brain.obj
 0001:0002fef0       _brain_chest_closed        20030ef0 f   m_brain.obj
 0001:0002ff50       _SP_monster_brain          20030f50 f   m_brain.obj
 0001:00030270       _brain_die                 20031270 f   m_brain.obj
 0001:00030430       _brain_dodge               20031430 f   m_brain.obj
 0001:000304c0       _brain_idle                200314c0 f   m_brain.obj
 0001:00030520       _brain_melee               20031520 f   m_brain.obj
 0001:00030580       _brain_pain                20031580 f   m_brain.obj
 0001:00030730       _brain_search              20031730 f   m_brain.obj
 0001:00030780       _brain_sight               20031780 f   m_brain.obj
 0001:000307d0       _brain_walk                200317d0 f   m_brain.obj
 0001:000307f0       _chick_dead                200317f0 f   m_chick.obj
 0001:000308f0       _chick_duck_down           200318f0 f   m_chick.obj
 0001:00030990       _chick_duck_hold           20031990 f   m_chick.obj
 0001:000309f0       _chick_duck_up             200319f0 f   m_chick.obj
 0001:00030a60       _ChickSlash                20031a60 f   m_chick.obj
 0001:00030b40       _ChickRocket               20031b40 f   m_chick.obj
 0001:00030cf0       _Chick_PreAttack1          20031cf0 f   m_chick.obj
 0001:00030d40       _ChickReload               20031d40 f   m_chick.obj
 0001:00030d90       _chick_slash               20031d90 f   m_chick.obj
 0001:00030db0       _chick_stand               20031db0 f   m_chick.obj
 0001:00030dd0       _chick_run                 20031dd0 f   m_chick.obj
 0001:00030e40       _chick_reslash             20031e40 f   m_chick.obj
 0001:00030ee0       _chick_rerocket            20031ee0 f   m_chick.obj
 0001:00030f80       _chick_attack1             20031f80 f   m_chick.obj
 0001:00030fa0       _ChickMoan                 20031fa0 f   m_chick.obj
 0001:00031060       _chick_fidget              20032060 f   m_chick.obj
 0001:000310c0       _SP_monster_chick          200320c0 f   m_chick.obj
 0001:000313c0       _chick_attack              200323c0 f   m_chick.obj
 0001:000313e0       _chick_die                 200323e0 f   m_chick.obj
 0001:000315c0       _chick_dodge               200325c0 f   m_chick.obj
 0001:00031620       _chick_melee               20032620 f   m_chick.obj
 0001:00031640       _chick_pain                20032640 f   m_chick.obj
 0001:00031800       _chick_sight               20032800 f   m_chick.obj
 0001:00031850       _chick_walk                20032850 f   m_chick.obj
 0001:00031870       _flipper_run_loop          20032870 f   m_flipper.obj
 0001:00031890       _flipper_run               20032890 f   m_flipper.obj
 0001:000318b0       _flipper_bite              200328b0 f   m_flipper.obj
 0001:00031930       _flipper_preattack         20032930 f   m_flipper.obj
 0001:00031980       _flipper_dead              20032980 f   m_flipper.obj
 0001:00031a80       _SP_monster_flipper        20032a80 f   m_flipper.obj
 0001:00031ce0       _flipper_die               20032ce0 f   m_flipper.obj
 0001:00031e50       _flipper_melee             20032e50 f   m_flipper.obj
 0001:00031e70       _flipper_pain              20032e70 f   m_flipper.obj
 0001:00031fb0       _flipper_sight             20032fb0 f   m_flipper.obj
 0001:00032000       _flipper_stand             20033000 f   m_flipper.obj
 0001:00032020       _flipper_start_run         20033020 f   m_flipper.obj
 0001:00032040       _flipper_walk              20033040 f   m_flipper.obj
 0001:00032060       _floater_dead              20033060 f   m_float.obj
 0001:00032160       _floater_run               20033160 f   m_float.obj
 0001:000321a0       _floater_wham              200331a0 f   m_float.obj
 0001:00032220       _floater_zap               20033220 f   m_float.obj
 0001:00032450       _floater_fire_blaster      20033450 f   m_float.obj
 0001:00032620       _SP_monster_floater        20033620 f   m_float.obj
 0001:000328e0       _floater_attack            200338e0 f   m_float.obj
 0001:00032900       _floater_die               20033900 f   m_float.obj
 0001:00032960       _floater_idle              20033960 f   m_float.obj
 0001:000329b0       _floater_melee             200339b0 f   m_float.obj
 0001:00032a10       _floater_pain              20033a10 f   m_float.obj
 0001:00032b50       _floater_sight             20033b50 f   m_float.obj
 0001:00032ba0       _floater_stand             20033ba0 f   m_float.obj
 0001:00032c00       _floater_walk              20033c00 f   m_float.obj
 0001:00032c20       _flyer_check_melee         20033c20 f   m_flyer.obj
 0001:00032ca0       _flyer_loop_melee          20033ca0 f   m_flyer.obj
 0001:00032cc0       _flyer_nextmove            20033cc0 f   m_flyer.obj
 0001:00032d20       _flyer_pop_blades          20033d20 f   m_flyer.obj
 0001:00032d70       _flyer_run                 20033d70 f   m_flyer.obj
 0001:00032db0       _flyer_fireleft            20033db0 f   m_flyer.obj
 0001:00032dd0       _flyer_fireright           20033dd0 f   m_flyer.obj
 0001:00032df0       _flyer_slash_left          20033df0 f   m_flyer.obj
 0001:00032ec0       _flyer_slash_right         20033ec0 f   m_flyer.obj
 0001:00032f90       _SP_monster_flyer          20033f90 f   m_flyer.obj
 0001:00033260       _flyer_attack              20034260 f   m_flyer.obj
 0001:00033280       _flyer_die                 20034280 f   m_flyer.obj
 0001:000332e0       _flyer_fire                200342e0 f   m_flyer.obj
 0001:000334b0       _flyer_idle                200344b0 f   m_flyer.obj
 0001:00033500       _flyer_melee               20034500 f   m_flyer.obj
 0001:00033520       _flyer_pain                20034520 f   m_flyer.obj
 0001:000336b0       _flyer_setstart            200346b0 f   m_flyer.obj
 0001:000336e0       _flyer_sight               200346e0 f   m_flyer.obj
 0001:00033730       _flyer_stand               20034730 f   m_flyer.obj
 0001:00033750       _flyer_start               20034750 f   m_flyer.obj
 0001:00033770       _flyer_stop                20034770 f   m_flyer.obj
 0001:00033790       _flyer_walk                20034790 f   m_flyer.obj
 0001:000337b0       _gladiator_cleaver_swing   200347b0 f   m_gladiator.obj
 0001:00033800       _gladiator_run             20034800 f   m_gladiator.obj
 0001:00033840       _GaldiatorMelee            20034840 f   m_gladiator.obj
 0001:00033960       _GladiatorGun              20034960 f   m_gladiator.obj
 0001:00033a90       _gladiator_dead            20034a90 f   m_gladiator.obj
 0001:00033b90       _SP_monster_gladiator      20034b90 f   m_gladiator.obj
 0001:00033e50       _gladiator_attack          20034e50 f   m_gladiator.obj
 0001:00034040       _gladiator_die             20035040 f   m_gladiator.obj
 0001:000341b0       _gladiator_idle            200351b0 f   m_gladiator.obj
 0001:00034200       _gladiator_melee           20035200 f   m_gladiator.obj
 0001:00034220       _gladiator_pain            20035220 f   m_gladiator.obj
 0001:000343c0       _gladiator_search          200353c0 f   m_gladiator.obj
 0001:00034410       _gladiator_sight           20035410 f   m_gladiator.obj
 0001:00034460       _gladiator_stand           20035460 f   m_gladiator.obj
 0001:00034480       _gladiator_walk            20035480 f   m_gladiator.obj
 0001:000344a0       _gunner_opengun            200354a0 f   m_gunner.obj
 0001:000344f0       _gunner_idlesound          200354f0 f   m_gunner.obj
 0001:00034540       _GunnerGrenade             20035540 f   m_gunner.obj
 0001:00034650       _GunnerFire                20035650 f   m_gunner.obj
 0001:00034840       _gunner_fire_chain         20035840 f   m_gunner.obj
 0001:00034860       _gunner_refire_chain       20035860 f   m_gunner.obj
 0001:000348e0       _gunner_stand              200358e0 f   m_gunner.obj
 0001:00034900       _gunner_fidget             20035900 f   m_gunner.obj
 0001:00034960       _gunner_run                20035960 f   m_gunner.obj
 0001:000349a0       _gunner_dead               200359a0 f   m_gunner.obj
 0001:00034aa0       _gunner_duck_down          20035aa0 f   m_gunner.obj
 0001:00034b90       _gunner_duck_hold          20035b90 f   m_gunner.obj
 0001:00034bf0       _gunner_duck_up            20035bf0 f   m_gunner.obj
 0001:00034c60       _SP_monster_gunner         20035c60 f   m_gunner.obj
 0001:00034ef0       _gunner_attack             20035ef0 f   m_gunner.obj
 0001:00034f70       _gunner_die                20035f70 f   m_gunner.obj
 0001:000350e0       _gunner_dodge              200360e0 f   m_gunner.obj
 0001:00035140       _gunner_pain               20036140 f   m_gunner.obj
 0001:00035290       _gunner_runandshoot        20036290 f   m_gunner.obj
 0001:000352b0       _gunner_search             200362b0 f   m_gunner.obj
 0001:00035300       _gunner_sight              20036300 f   m_gunner.obj
 0001:00035350       _gunner_walk               20036350 f   m_gunner.obj
 0001:00035370       _hover_run                 20036370 f   m_hover.obj
 0001:000353b0       _hover_dead                200363b0 f   m_hover.obj
 0001:000354d0       _hover_attack              200364d0 f   m_hover.obj
 0001:000354f0       _hover_reattack            200364f0 f   m_hover.obj
 0001:00035570       _hover_fire_blaster        20036570 f   m_hover.obj
 0001:00035730       _SP_monster_hover          20036730 f   m_hover.obj
 0001:000359b0       _hover_deadthink           200369b0 f   m_hover.obj
 0001:00035a10       _hover_die                 20036a10 f   m_hover.obj
 0001:00035bf0       _hover_pain                20036bf0 f   m_hover.obj
 0001:00035d90       _hover_search              20036d90 f   m_hover.obj
 0001:00035e50       _hover_sight               20036e50 f   m_hover.obj
 0001:00035ea0       _hover_stand               20036ea0 f   m_hover.obj
 0001:00035ec0       _hover_start_attack        20036ec0 f   m_hover.obj
 0001:00035ee0       _hover_walk                20036ee0 f   m_hover.obj
 0001:00035f00       _infantry_cock_gun         20036f00 f   m_infantry.obj
 0001:00035f90       _infantry_fire             20036f90 f   m_infantry.obj
 0001:00036000       _infantry_swing            20037000 f   m_infantry.obj
 0001:00036050       _infantry_smack            20037050 f   m_infantry.obj
 0001:00036120       _InfantryMachineGun        20037120 f   m_infantry.obj
 0001:00036410       _infantry_stand            20037410 f   m_infantry.obj
 0001:00036430       _infantry_run              20037430 f   m_infantry.obj
 0001:00036470       _infantry_dead             20037470 f   m_infantry.obj
 0001:00036570       _infantry_duck_down        20037570 f   m_infantry.obj
 0001:00036610       _infantry_duck_hold        20037610 f   m_infantry.obj
 0001:00036670       _infantry_duck_up          20037670 f   m_infantry.obj
 0001:000366e0       _SP_monster_infantry       200376e0 f   m_infantry.obj
 0001:000369a0       _infantry_attack           200379a0 f   m_infantry.obj
 0001:000369f0       _infantry_die              200379f0 f   m_infantry.obj
 0001:00036c20       _infantry_dodge            20037c20 f   m_infantry.obj
 0001:00036c80       _infantry_fidget           20037c80 f   m_infantry.obj
 0001:00036ce0       _infantry_pain             20037ce0 f   m_infantry.obj
 0001:00036e20       _infantry_sight            20037e20 f   m_infantry.obj
 0001:00036e70       _infantry_walk             20037e70 f   m_infantry.obj
 0001:00036e90       _insane_fist               20037e90 f   m_insane.obj
 0001:00036ee0       _insane_shake              20037ee0 f   m_insane.obj
 0001:00036f30       _insane_moan               20037f30 f   m_insane.obj
 0001:00036f80       _insane_scream             20037f80 f   m_insane.obj
 0001:00036ff0       _insane_stand              20037ff0 f   m_insane.obj
 0001:000370b0       _insane_dead               200380b0 f   m_insane.obj
 0001:000371d0       _insane_cross              200381d0 f   m_insane.obj
 0001:00037230       _insane_walk               20038230 f   m_insane.obj
 0001:000372d0       _insane_run                200382d0 f   m_insane.obj
 0001:00037370       _insane_checkdown          20038370 f   m_insane.obj
 0001:00037400       _insane_checkup            20038400 f   m_insane.obj
 0001:00037470       _insane_onground           20038470 f   m_insane.obj
 0001:00037490       _SP_misc_insane            20038490 f   m_insane.obj
 0001:000378c0       _insane_die                200388c0 f   m_insane.obj
 0001:00037ac0       _insane_pain               20038ac0 f   m_insane.obj
 0001:00037c30       _medic_duck_down           20038c30 f   m_medic.obj
 0001:00037cd0       _medic_duck_hold           20038cd0 f   m_medic.obj
 0001:00037d30       _medic_duck_up             20038d30 f   m_medic.obj
 0001:00037da0       _medic_continue            20038da0 f   m_medic.obj
 0001:00037e00       _medic_hook_launch         20038e00 f   m_medic.obj
 0001:00037e50       _medic_cable_attack        20038e50 f   m_medic.obj
 0001:00038470       _medic_hook_retract        20039470 f   m_medic.obj
 0001:000384f0       _medic_idle                200394f0 f   m_medic.obj
 0001:000385a0       _medic_run                 200395a0 f   m_medic.obj
 0001:00038660       _medic_fire_blaster        20039660 f   m_medic.obj
 0001:00038870       _medic_dead                20039870 f   m_medic.obj
 0001:00038970       _SP_monster_medic          20039970 f   m_medic.obj
 0001:00038c50       _medic_FindDeadMonster     20039c50 f   m_medic.obj
 0001:00038d60       _medic_attack              20039d60 f   m_medic.obj
 0001:00038da0       _medic_checkattack         20039da0 f   m_medic.obj
 0001:00038de0       _medic_die                 20039de0 f   m_medic.obj
 0001:00038f80       _medic_dodge               20039f80 f   m_medic.obj
 0001:00038fe0       _medic_pain                20039fe0 f   m_medic.obj
 0001:00039130       _medic_search              2003a130 f   m_medic.obj
 0001:00039200       _medic_sight               2003a200 f   m_medic.obj
 0001:00039250       _medic_stand               2003a250 f   m_medic.obj
 0001:00039270       _medic_walk                2003a270 f   m_medic.obj
 0001:00039290       _M_ChangeYaw               2003a290 f   m_move.obj
 0001:000393d0       _M_CheckBottom             2003a3d0 f   m_move.obj
 0001:00039990       _M_MoveToGoal              2003a990 f   m_move.obj
 0001:00039a60       _M_walkmove                2003aa60 f   m_move.obj
 0001:00039b70       _SV_CloseEnough            2003ab70 f   m_move.obj
 0001:00039c00       _SV_FixCheckBottom         2003ac00 f   m_move.obj
 0001:00039c30       _SV_NewChaseDir            2003ac30 f   m_move.obj
 0001:0003a170       _SV_StepDirection          2003b170 f   m_move.obj
 0001:0003a390       _SV_movestep               2003b390 f   m_move.obj
 0001:0003adc0       _mutant_step               2003bdc0 f   m_mutant.obj
 0001:0003aec0       _mutant_stand              2003bec0 f   m_mutant.obj
 0001:0003aee0       _mutant_idle_loop          2003bee0 f   m_mutant.obj
 0001:0003af30       _mutant_walk_loop          2003bf30 f   m_mutant.obj
 0001:0003af50       _mutant_run                2003bf50 f   m_mutant.obj
 0001:0003af90       _mutant_hit_left           2003bf90 f   m_mutant.obj
 0001:0003b0b0       _mutant_hit_right          2003c0b0 f   m_mutant.obj
 0001:0003b1d0       _mutant_check_refire       2003c1d0 f   m_mutant.obj
 0001:0003b280       _mutant_jump_takeoff       2003c280 f   m_mutant.obj
 0001:0003b3b0       _mutant_check_landing      2003c3b0 f   m_mutant.obj
 0001:0003b470       _mutant_dead               2003c470 f   m_mutant.obj
 0001:0003b570       _SP_monster_mutant         2003c570 f   m_mutant.obj
 0001:0003b870       _mutant_check_jump         2003c870 f   m_mutant.obj
 0001:0003ba40       _mutant_check_melee        2003ca40 f   m_mutant.obj
 0001:0003ba80       _mutant_checkattack        2003ca80 f   m_mutant.obj
 0001:0003bb00       _mutant_die                2003cb00 f   m_mutant.obj
 0001:0003bcc0       _mutant_idle               2003ccc0 f   m_mutant.obj
 0001:0003bd20       _mutant_jump               2003cd20 f   m_mutant.obj
 0001:0003bd40       _mutant_jump_touch         2003cd40 f   m_mutant.obj
 0001:0003bf00       _mutant_melee              2003cf00 f   m_mutant.obj
 0001:0003bf20       _mutant_pain               2003cf20 f   m_mutant.obj
 0001:0003c0d0       _mutant_search             2003d0d0 f   m_mutant.obj
 0001:0003c120       _mutant_sight              2003d120 f   m_mutant.obj
 0001:0003c170       _mutant_swing              2003d170 f   m_mutant.obj
 0001:0003c1c0       _mutant_walk               2003d1c0 f   m_mutant.obj
 0001:0003c1e0       _parasite_stand            2003d1e0 f   m_parasite.obj
 0001:0003c200       _parasite_start_run        2003d200 f   m_parasite.obj
 0001:0003c240       _parasite_run              2003d240 f   m_parasite.obj
 0001:0003c280       _parasite_walk             2003d280 f   m_parasite.obj
 0001:0003c2a0       _parasite_do_fidget        2003d2a0 f   m_parasite.obj
 0001:0003c2c0       _parasite_refidget         2003d2c0 f   m_parasite.obj
 0001:0003c320       _parasite_launch           2003d320 f   m_parasite.obj
 0001:0003c370       _parasite_reel_in          2003d370 f   m_parasite.obj
 0001:0003c3c0       _parasite_tap              2003d3c0 f   m_parasite.obj
 0001:0003c410       _parasite_scratch          2003d410 f   m_parasite.obj
 0001:0003c460       _parasite_drain_attack     2003d460 f   m_parasite.obj
 0001:0003c8b0       _parasite_dead             2003d8b0 f   m_parasite.obj
 0001:0003c9b0       _SP_monster_parasite       2003d9b0 f   m_parasite.obj
 0001:0003cc60       _parasite_attack           2003dc60 f   m_parasite.obj
 0001:0003cc80       _parasite_die              2003dc80 f   m_parasite.obj
 0001:0003cf50       _parasite_end_fidget       2003df50 f   m_parasite.obj
 0001:0003cf70       _parasite_idle             2003df70 f   m_parasite.obj
 0001:0003cf90       _parasite_pain             2003df90 f   m_parasite.obj
 0001:0003d0d0       _parasite_search           2003e0d0 f   m_parasite.obj
 0001:0003d120       _parasite_sight            2003e120 f   m_parasite.obj
 0001:0003d170       _parasite_start_walk       2003e170 f   m_parasite.obj
 0001:0003d190       _soldier_walk1_random      2003e190 f   m_soldier.obj
 0001:0003d1e0       _soldier_run               2003e1e0 f   m_soldier.obj
 0001:0003d260       _soldier_fire1             2003e260 f   m_soldier.obj
 0001:0003d280       _soldier_attack1_refire1   2003e280 f   m_soldier.obj
 0001:0003d330       _soldier_attack1_refire2   2003e330 f   m_soldier.obj
 0001:0003d3d0       _soldier_fire2             2003e3d0 f   m_soldier.obj
 0001:0003d3f0       _soldier_attack2_refire1   2003e3f0 f   m_soldier.obj
 0001:0003d4a0       _soldier_attack2_refire2   2003e4a0 f   m_soldier.obj
 0001:0003d540       _soldier_duck_down         2003e540 f   m_soldier.obj
 0001:0003d5e0       _soldier_duck_up           2003e5e0 f   m_soldier.obj
 0001:0003d650       _soldier_fire3             2003e650 f   m_soldier.obj
 0001:0003d680       _soldier_attack3_refire    2003e680 f   m_soldier.obj
 0001:0003d6c0       _soldier_fire4             2003e6c0 f   m_soldier.obj
 0001:0003d6e0       _soldier_fire8             2003e6e0 f   m_soldier.obj
 0001:0003d700       _soldier_attack6_refire    2003e700 f   m_soldier.obj
 0001:0003d770       _soldier_duck_hold         2003e770 f   m_soldier.obj
 0001:0003d7d0       _soldier_fire6             2003e7d0 f   m_soldier.obj
 0001:0003d7f0       _soldier_fire7             2003e7f0 f   m_soldier.obj
 0001:0003d810       _soldier_dead              2003e810 f   m_soldier.obj
 0001:0003d910       _soldier_idle              2003e910 f   m_soldier.obj
 0001:0003d990       _soldier_cock              2003e990 f   m_soldier.obj
 0001:0003da30       _soldier_stand             2003ea30 f   m_soldier.obj
 0001:0003daa0       _SP_monster_soldier        2003eaa0 f   m_soldier.obj
 0001:0003db40       _SP_monster_soldier_light  2003eb40 f   m_soldier.obj
 0001:0003dc00       _SP_monster_soldier_ss     2003ec00 f   m_soldier.obj
 0001:0003dca0       _SP_monster_soldier_x      2003eca0 f   m_soldier.obj
 0001:0003de90       _soldier_attack            2003ee90 f   m_soldier.obj
 0001:0003df00       _soldier_die               2003ef00 f   m_soldier.obj
 0001:0003e1d0       _soldier_dodge             2003f1d0 f   m_soldier.obj
 0001:0003e330       _soldier_fire              2003f330 f   m_soldier.obj
 0001:0003e810       _soldier_pain              2003f810 f   m_soldier.obj
 0001:0003ea70       _soldier_sight             2003fa70 f   m_soldier.obj
 0001:0003eb90       _soldier_walk              2003fb90 f   m_soldier.obj
 0001:0003ebf0       _BossExplode               2003fbf0 f   m_supertank.obj
 0001:0003f070       _TreadSound                20040070 f   m_supertank.obj
 0001:0003f0c0       _supertank_dead            200400c0 f   m_supertank.obj
 0001:0003f1c0       _supertankRocket           200401c0 f   m_supertank.obj
 0001:0003f3a0       _supertankMachineGun       200403a0 f   m_supertank.obj
 0001:0003f5e0       _supertank_reattack1       200405e0 f   m_supertank.obj
 0001:0003f660       _supertank_run             20040660 f   m_supertank.obj
 0001:0003f6a0       _SP_monster_supertank      200406a0 f   m_supertank.obj
 0001:0003f920       _supertank_attack          20040920 f   m_supertank.obj
 0001:0003fa60       _supertank_die             20040a60 f   m_supertank.obj
 0001:0003faf0       _supertank_forward         20040af0 f   m_supertank.obj
 0001:0003fb10       _supertank_pain            20040b10 f   m_supertank.obj
 0001:0003fcf0       _supertank_search          20040cf0 f   m_supertank.obj
 0001:0003fdb0       _supertank_stand           20040db0 f   m_supertank.obj
 0001:0003fdd0       _supertank_walk            20040dd0 f   m_supertank.obj
 0001:0003fdf0       _TankStrike                20040df0 f   m_tank.obj
 0001:0003fe40       _TankRocket                20040e40 f   m_tank.obj
 0001:00040020       _TankMachineGun            20041020 f   m_tank.obj
 0001:000402c0       _tank_poststrike           200412c0 f   m_tank.obj
 0001:000402f0       _tank_dead                 200412f0 f   m_tank.obj
 0001:000403f0       _tank_refire_rocket        200413f0 f   m_tank.obj
 0001:00040490       _tank_doattack_rocket      20041490 f   m_tank.obj
 0001:000404b0       _tank_reattack_blaster     200414b0 f   m_tank.obj
 0001:00040550       _tank_footstep             20041550 f   m_tank.obj
 0001:000405a0       _tank_thud                 200415a0 f   m_tank.obj
 0001:000405f0       _tank_windup               200415f0 f   m_tank.obj
 0001:00040640       _tank_stand                20041640 f   m_tank.obj
 0001:00040660       _tank_walk                 20041660 f   m_tank.obj
 0001:00040680       _tank_run                  20041680 f   m_tank.obj
 0001:00040740       _TankBlaster               20041740 f   m_tank.obj
 0001:00040910       _SP_monster_tank           20041910 f   m_tank.obj
 0001:00040c60       _tank_attack               20041c60 f   m_tank.obj
 0001:00040e90       _tank_die                  20041e90 f   m_tank.obj
 0001:00041020       _tank_idle                 20042020 f   m_tank.obj
 0001:00041070       _tank_pain                 20042070 f   m_tank.obj
 0001:000411f0       _tank_sight                200421f0 f   m_tank.obj
 0001:00041240       _CheckBlock                20042240 f   p_client.obj
 0001:00041290       _ClientBegin               20042290 f   p_client.obj
 0001:00041420       _ClientBeginDeathmatch     20042420 f   p_client.obj
 0001:000414f0       _ClientBeginServerFrame    200424f0 f   p_client.obj
 0001:000416a0       _ClientConnect             200426a0 f   p_client.obj
 0001:00041980       _ClientDisconnect          20042980 f   p_client.obj
 0001:00041a80       _ClientObituary            20042a80 f   p_client.obj
 0001:00042010       _ClientThink               20043010 f   p_client.obj
 0001:000428b0       _ClientUserinfoChanged     200438b0 f   p_client.obj
 0001:00042af0       _CopyToBodyQue             20043af0 f   p_client.obj
 0001:00042e10       _FetchClientEntData        20043e10 f   p_client.obj
 0001:00042ea0       _InitBodyQue               20043ea0 f   p_client.obj
 0001:00042ef0       _InitClientPersistant      20043ef0 f   p_client.obj
 0001:00042fe0       _InitClientResp            20043fe0 f   p_client.obj
 0001:00043030       _IsFemale                  20044030 f   p_client.obj
 0001:000430a0       _IsNeutral                 200440a0 f   p_client.obj
 0001:00043140       _LookAtKiller              20044140 f   p_client.obj
 0001:00043440       _PM_trace                  20044440 f   p_client.obj
 0001:000434e0       _PlayersRangeFromSpot      200444e0 f   p_client.obj
 0001:00043630       _PrintPmove                20044630 f   p_client.obj
 0001:00043690       _PutClientInServer         20044690 f   p_client.obj
 0001:000442c0       _SP_info_player_coop       200452c0 f   p_client.obj
 0001:00044480       _SP_info_player_deathmatch 20045480 f   p_client.obj
 0001:000444d0       _SP_info_player_intermission 200454d0 f   p_client.obj
 0001:000444e0       _SP_info_player_start      200454e0 f   p_client.obj
 0001:00044550       _SaveClientData            20045550 f   p_client.obj
 0001:00044640       _SelectCoopSpawnPoint      20045640 f   p_client.obj
 0001:000446f0       _SelectDeathmatchSpawnPoint 200456f0 f   p_client.obj
 0001:00044720       _SelectFarthestDeathmatchSpawnPoint 20045720 f   p_client.obj
 0001:000447c0       _SelectRandomDeathmatchSpawnPoint 200457c0 f   p_client.obj
 0001:00044900       _SelectSpawnPoint          20045900 f   p_client.obj
 0001:00044b10       _TossClientWeapon          20045b10 f   p_client.obj
 0001:00044da0       _body_die                  20045da0 f   p_client.obj
 0001:00044e80       _player_die                20045e80 f   p_client.obj
 0001:00045300       _player_pain               20046300 f   p_client.obj
 0001:00045310       _respawn                   20046310 f   p_client.obj
 0001:000453d0       _spectator_respawn         200463d0 f   p_client.obj
 0001:00045740       _BeginIntermission         20046740 f   p_hud.obj
 0001:00045aa0       _Cmd_Help_f                20046aa0 f   p_hud.obj
 0001:00045b60       _Cmd_Score_f               20046b60 f   p_hud.obj
 0001:00045c00       _DeathmatchScoreboard      20046c00 f   p_hud.obj
 0001:00045c40       _DeathmatchScoreboardMessage 20046c40 f   p_hud.obj
 0001:000460c0       _G_CheckChaseStats         200470c0 f   p_hud.obj
 0001:00046170       _G_SetSpectatorStats       20047170 f   p_hud.obj
 0001:000462b0       _G_SetStats                200472b0 f   p_hud.obj
 0001:00046a50       _HelpComputer              20047a50 f   p_hud.obj
 0001:00046b70       _MoveClientToIntermission  20047b70 f   p_hud.obj
 0001:00046e70       _PlayerTrail_Add           20047e70 f   p_trail.obj
 0001:00047030       _PlayerTrail_Init          20048030 f   p_trail.obj
 0001:000470b0       _PlayerTrail_LastSpot      200480b0 f   p_trail.obj
 0001:000470e0       _PlayerTrail_New           200480e0 f   p_trail.obj
 0001:00047110       _PlayerTrail_PickFirst     20048110 f   p_trail.obj
 0001:000471f0       _PlayerTrail_PickNext      200481f0 f   p_trail.obj
 0001:00047270       _ClientEndServerFrame      20048270 f   p_view.obj
 0001:00047890       _G_SetClientEffects        20048890 f   p_view.obj
 0001:00047a30       _G_SetClientEvent          20048a30 f   p_view.obj
 0001:00047aa0       _G_SetClientFrame          20048aa0 f   p_view.obj
 0001:00047cf0       _G_SetClientSound          20048cf0 f   p_view.obj
 0001:00047ea0       _P_DamageFeedback          20048ea0 f   p_view.obj
 0001:00048650       _P_FallingDamage           20049650 f   p_view.obj
 0001:00048990       _P_WorldEffects            20049990 f   p_view.obj
 0001:00049360       _SV_AddBlend               2004a360 f   p_view.obj
 0001:000494a0       _SV_CalcBlend              2004a4a0 f   p_view.obj
 0001:00049c60       _SV_CalcGunOffset          2004ac60 f   p_view.obj
 0001:00049fc0       _SV_CalcRoll               2004afc0 f   p_view.obj
 0001:0004a0e0       _SV_CalcViewOffset         2004b0e0 f   p_view.obj
 0001:0004a900       _Blaster_Fire              2004b900 f   p_weapon.obj
 0001:0004ab40       _Chaingun_Fire             2004bb40 f   p_weapon.obj
 0001:0004b180       _ChangeWeapon              2004c180 f   p_weapon.obj
 0001:0004b3c0       _Drop_Weapon               2004c3c0 f   p_weapon.obj
 0001:0004b480       _Machinegun_Fire           2004c480 f   p_weapon.obj
 0001:0004ba40       _NoAmmoWeaponChange        2004ca40 f   p_weapon.obj
 0001:0004be00       _Pickup_Weapon             2004ce00 f   p_weapon.obj
 0001:0004c020       _PlayerNoise               2004d020 f   p_weapon.obj
 0001:0004c490       _Think_Weapon              2004d490 f   p_weapon.obj
 0001:0004c560       _Use_Weapon                2004d560 f   p_weapon.obj
 0001:0004c670       _Weapon_BFG                2004d670 f   p_weapon.obj
 0001:0004c6b0       _Weapon_Blaster            2004d6b0 f   p_weapon.obj
 0001:0004c6f0       _Weapon_Blaster_Fire       2004d6f0 f   p_weapon.obj
 0001:0004c760       _Weapon_Chaingun           2004d760 f   p_weapon.obj
 0001:0004c7a0       _Weapon_Generic            2004d7a0 f   p_weapon.obj
 0001:0004cca0       _Weapon_Grenade            2004dca0 f   p_weapon.obj
 0001:0004d0d0       _Weapon_GrenadeLauncher    2004e0d0 f   p_weapon.obj
 0001:0004d110       _Weapon_HyperBlaster       2004e110 f   p_weapon.obj
 0001:0004d150       _Weapon_HyperBlaster_Fire  2004e150 f   p_weapon.obj
 0001:0004d4d0       _Weapon_Machinegun         2004e4d0 f   p_weapon.obj
 0001:0004d510       _Weapon_Railgun            2004e510 f   p_weapon.obj
 0001:0004d550       _Weapon_RocketLauncher     2004e550 f   p_weapon.obj
 0001:0004d590       _Weapon_RocketLauncher_Fire 2004e590 f   p_weapon.obj
 0001:0004d7e0       _Weapon_Shotgun            2004e7e0 f   p_weapon.obj
 0001:0004d820       _Weapon_SuperShotgun       2004e820 f   p_weapon.obj
 0001:0004d860       _weapon_bfg_fire           2004e860 f   p_weapon.obj
 0001:0004db60       _weapon_grenade_fire       2004eb60 f   p_weapon.obj
 0001:0004ddc0       _weapon_grenadelauncher_fire 2004edc0 f   p_weapon.obj
 0001:0004dfe0       _weapon_railgun_fire       2004efe0 f   p_weapon.obj
 0001:0004e210       _weapon_shotgun_fire       2004f210 f   p_weapon.obj
 0001:0004e490       _weapon_supershotgun_fire  2004f490 f   p_weapon.obj
 0001:0004e7a0       _AddPointToBounds          2004f7a0 f   q_shared.obj
 0001:0004e820       _AngleVectors              2004f820 f   q_shared.obj
 0001:0004eb30       _BigFloat                  2004fb30 f   q_shared.obj
 0001:0004eb60       _BigLong                   2004fb60 f   q_shared.obj
 0001:0004eb80       _BigShort                  2004fb80 f   q_shared.obj
 0001:0004eba0       _BoxOnPlaneSide            2004fba0 f   q_shared.obj
 0001:0004ee20       _BoxOnPlaneSide2           2004fe20 f   q_shared.obj
 0001:0004f040       _COM_DefaultExtension      20050040 f   q_shared.obj
 0001:0004f0b0       _COM_FileBase              200500b0 f   q_shared.obj
 0001:0004f170       _COM_FileExtension         20050170 f   q_shared.obj
 0001:0004f220       _COM_FilePath              20050220 f   q_shared.obj
 0001:0004f290       _COM_Parse                 20050290 f   q_shared.obj
 0001:0004f460       _COM_SkipPath              20050460 f   q_shared.obj
 0001:0004f4b0       _COM_StripExtension        200504b0 f   q_shared.obj
 0001:0004f500       _ClearBounds               20050500 f   q_shared.obj
 0001:0004f5a0       _Com_PageInMemory          200505a0 f   q_shared.obj
 0001:0004f5f0       _Com_sprintf               200505f0 f   q_shared.obj
 0001:0004f680       _CrossProduct              20050680 f   q_shared.obj
 0001:0004f790       _FloatNoSwap               20050790 f   q_shared.obj
 0001:0004f7b0       _FloatSwap                 200507b0 f   q_shared.obj
 0001:0004f830       _Info_RemoveKey            20050830 f   q_shared.obj
 0001:0004f990       _Info_SetValueForKey       20050990 f   q_shared.obj
 0001:0004fba0       _Info_Validate             20050ba0 f   q_shared.obj
 0001:0004fbf0       _Info_ValueForKey          20050bf0 f   q_shared.obj
 0001:0004fd60       _LerpAngle                 20050d60 f   q_shared.obj
 0001:0004fde0       _LittleFloat               20050de0 f   q_shared.obj
 0001:0004fe10       _LittleLong                20050e10 f   q_shared.obj
 0001:0004fe30       _LittleShort               20050e30 f   q_shared.obj
 0001:0004fe50       _LongNoSwap                20050e50 f   q_shared.obj
 0001:0004fe70       _LongSwap                  20050e70 f   q_shared.obj
 0001:0004fee0       _PerpendicularVector       20050ee0 f   q_shared.obj
 0001:00050000       _ProjectPointOnPlane       20051000 f   q_shared.obj
 0001:00050220       _Q_fabs                    20051220 f   q_shared.obj
 0001:00050250       _Q_ftol                    20051250 f   q_shared.obj
 0001:00050260       _Q_log2                    20051260 f   q_shared.obj
 0001:00050290       _Q_strcasecmp              20051290 f   q_shared.obj
 0001:000502c0       _Q_stricmp                 200512c0 f   q_shared.obj
 0001:000502e0       _Q_strncasecmp             200512e0 f   q_shared.obj
 0001:00050380       _R_ConcatRotations         20051380 f   q_shared.obj
 0001:000509a0       _R_ConcatTransforms        200519a0 f   q_shared.obj
 0001:00051210       _RotatePointAroundVector   20052210 f   q_shared.obj
 0001:000517a0       _ShortNoSwap               200527a0 f   q_shared.obj
 0001:000517c0       _ShortSwap                 200527c0 f   q_shared.obj
 0001:00051800       _Swap_Init                 20052800 f   q_shared.obj
 0001:000518b0       _VectorCompare             200528b0 f   q_shared.obj
 0001:00051940       _VectorInverse             20052940 f   q_shared.obj
 0001:000519d0       _VectorLength              200529d0 f   q_shared.obj
 0001:00051a50       _VectorMA                  20052a50 f   q_shared.obj
 0001:00051b00       _VectorNormalize           20052b00 f   q_shared.obj
 0001:00051c30       _VectorNormalize2          20052c30 f   q_shared.obj
 0001:00051d60       _VectorScale               20052d60 f   q_shared.obj
 0001:00051de0       __DotProduct               20052de0 f   q_shared.obj
 0001:00051e60       __VectorAdd                20052e60 f   q_shared.obj
 0001:00051f00       __VectorCopy               20052f00 f   q_shared.obj
 0001:00051f70       __VectorSubtract           20052f70 f   q_shared.obj
 0001:00052010       _anglemod                  20053010 f   q_shared.obj
 0001:00052050       _va                        20053050 f   q_shared.obj
 0001:00052090       _strcmp                    20053090 f   LIBCMTD:strcmp.obj
 0001:00052120       _rand                      20053120 f   LIBCMTD:rand.obj
 0001:00052160       _srand                     20053160 f   LIBCMTD:rand.obj
 0001:00052170       @__security_check_cookie@4 20053170 f   LIBCMTD:secchk.obj
 0001:00052180       __fpmath                   20053180 f   LIBCMTD:fpinit.obj
 0001:000521a0       ___setfflag                200531a0 f   LIBCMTD:fpinit.obj
 0001:000521c0       __cfltcvt_init             200531c0 f   LIBCMTD:fpinit.obj
 0001:00052280       ___raise_securityfailure   20053280 f   LIBCMTD:gs_report.obj
 0001:000522d0       ___report_gsfailure        200532d0 f   LIBCMTD:gs_report.obj
 0001:000523e0       ___report_rangecheckfailure 200533e0 f   LIBCMTD:gs_report.obj
 0001:000523f0       ___report_securityfailure  200533f0 f   LIBCMTD:gs_report.obj
 0001:000524d0       ___report_securityfailureEx 200534d0 f   LIBCMTD:gs_report.obj
 0001:00052600       __scprintf                 20053600 f   LIBCMTD:sprintf.obj
 0001:00052620       __scprintf_l               20053620 f   LIBCMTD:sprintf.obj
 0001:00052650       __scprintf_p               20053650 f   LIBCMTD:sprintf.obj
 0001:00052670       __scprintf_p_l             20053670 f   LIBCMTD:sprintf.obj
 0001:000526a0       __snprintf_s               200536a0 f   LIBCMTD:sprintf.obj
 0001:000526d0       __snprintf_s_l             200536d0 f   LIBCMTD:sprintf.obj
 0001:00052700       __sprintf_l                20053700 f   LIBCMTD:sprintf.obj
 0001:00052730       __sprintf_p                20053730 f   LIBCMTD:sprintf.obj
 0001:00052760       __sprintf_p_l              20053760 f   LIBCMTD:sprintf.obj
 0001:00052790       __sprintf_s_l              20053790 f   LIBCMTD:sprintf.obj
 0001:000527c0       _sprintf                   200537c0 f   LIBCMTD:sprintf.obj
 0001:00052980       _sprintf_s                 20053980 f   LIBCMTD:sprintf.obj
 0001:000529b0       _strcpy                    200539b0 f   LIBCMTD:strcat.obj
 0001:000529c0       _strcat                    200539c0 f   LIBCMTD:strcat.obj
 0001:00052ab0       _strlen                    20053ab0 f   LIBCMTD:strlen.obj
 0001:00052b40       _strchr                    20053b40 f   LIBCMTD:strchr.obj
 0001:00052bae       ___from_strstr_to_strchr   20053bae     LIBCMTD:strchr.obj
 0001:00052c70       __atoi64                   20053c70 f   LIBCMTD:atox.obj
 0001:00052c90       __atoi64_l                 20053c90 f   LIBCMTD:atox.obj
 0001:00052cb0       __atoi_l                   20053cb0 f   LIBCMTD:atox.obj
 0001:00052cd0       __atol_l                   20053cd0 f   LIBCMTD:atox.obj
 0001:00052cf0       __atoll_l                  20053cf0 f   LIBCMTD:atox.obj
 0001:00052d10       _atoi                      20053d10 f   LIBCMTD:atox.obj
 0001:00052d30       _atol                      20053d30 f   LIBCMTD:atox.obj
 0001:00052d50       _atoll                     20053d50 f   LIBCMTD:atox.obj
 0001:00052d70       _qsort                     20053d70 f   LIBCMTD:qsort.obj
 0001:000533f0       _ceil                      200543f0 f   LIBCMTD:ceil_pentium4.obj
[...]
 0003:00012020       _DoubleFormat              200dc020     LIBCMTD:intrncvt.obj
 0003:00012038       _FloatFormat               200dc038     LIBCMTD:intrncvt.obj
 0003:00012500       ?value@?1??ClientTeam@@9@9 200dc500     g_cmds.obj
 0003:00012700       _jacket_armor_index        200dc700     g_items.obj
 0003:00012704       _combat_armor_index        200dc704     g_items.obj
 0003:00012708       _body_armor_index          200dc708     g_items.obj
 0003:0001270c       _power_screen_index        200dc70c     g_items.obj
 0003:00012710       _power_shield_index        200dc710     g_items.obj
 0003:00012714       _quad_drop_timeout_hack    200dc714     g_items.obj
 0003:00012718       _windsound                 200dc718     g_trigger.obj
 0003:00012720       ?index@?1??tv@@9@9         200dc720     g_utils.obj
 0003:00012724       ?index@?1??vtos@@9@9       200dc724     g_utils.obj
 0003:00012728       ?vecs@?1??tv@@9@9          200dc728     g_utils.obj
 0003:00012788       ?str@?1??vtos@@9@9         200dc788     g_utils.obj
 0003:00012888       _sound_pain                200dc888     m_berserk.obj
 0003:0001288c       _sound_die                 200dc88c     m_berserk.obj
 0003:00012890       _sound_idle                200dc890     m_berserk.obj
 0003:00012894       _sound_punch               200dc894     m_berserk.obj
 0003:00012898       _sound_sight               200dc898     m_berserk.obj
 0003:0001289c       _sound_search              200dc89c     m_berserk.obj
 0003:000128a0       _sound_pain1               200dc8a0     m_boss2.obj
 0003:000128a4       _sound_pain2               200dc8a4     m_boss2.obj
 0003:000128a8       _sound_pain3               200dc8a8     m_boss2.obj
 0003:000128ac       _sound_death               200dc8ac     m_boss2.obj
 0003:000128b0       _sound_search1             200dc8b0     m_boss2.obj
 0003:000128b4       _sound_pain1               200dc8b4     m_boss31.obj
 0003:000128b8       _sound_pain2               200dc8b8     m_boss31.obj
 0003:000128bc       _sound_pain3               200dc8bc     m_boss31.obj
 0003:000128c0       _sound_idle                200dc8c0     m_boss31.obj
 0003:000128c4       _sound_death               200dc8c4     m_boss31.obj
 0003:000128c8       _sound_search1             200dc8c8     m_boss31.obj
 0003:000128cc       _sound_search2             200dc8cc     m_boss31.obj
 0003:000128d0       _sound_search3             200dc8d0     m_boss31.obj
 0003:000128d4       _sound_attack1             200dc8d4     m_boss31.obj
 0003:000128d8       _sound_attack2             200dc8d8     m_boss31.obj
 0003:000128dc       _sound_firegun             200dc8dc     m_boss31.obj
 0003:000128e0       _sound_step_left           200dc8e0     m_boss31.obj
 0003:000128e4       _sound_step_right          200dc8e4     m_boss31.obj
 0003:000128e8       _sound_death_hit           200dc8e8     m_boss31.obj
 0003:000128ec       _sound_pain4               200dc8ec     m_boss32.obj
 0003:000128f0       _sound_pain5               200dc8f0     m_boss32.obj
 0003:000128f4       _sound_pain6               200dc8f4     m_boss32.obj
 0003:000128f8       _sound_death               200dc8f8     m_boss32.obj
 0003:000128fc       _sound_step_left           200dc8fc     m_boss32.obj
 0003:00012900       _sound_step_right          200dc900     m_boss32.obj
 0003:00012904       _sound_attack_bfg          200dc904     m_boss32.obj
 0003:00012908       _sound_brainsplorch        200dc908     m_boss32.obj
 0003:0001290c       _sound_prerailgun          200dc90c     m_boss32.obj
 0003:00012910       _sound_popup               200dc910     m_boss32.obj
 0003:00012914       _sound_taunt1              200dc914     m_boss32.obj
 0003:00012918       _sound_taunt2              200dc918     m_boss32.obj
 0003:0001291c       _sound_taunt3              200dc91c     m_boss32.obj
 0003:00012920       _sound_hit                 200dc920     m_boss32.obj
 0003:00012924       _sound_chest_open          200dc924     m_brain.obj
 0003:00012928       _sound_tentacles_extend    200dc928     m_brain.obj
 0003:0001292c       _sound_tentacles_retract   200dc92c     m_brain.obj
 0003:00012930       _sound_death               200dc930     m_brain.obj
 0003:00012934       _sound_idle1               200dc934     m_brain.obj
 0003:00012938       _sound_idle2               200dc938     m_brain.obj
 0003:0001293c       _sound_idle3               200dc93c     m_brain.obj
 0003:00012940       _sound_pain1               200dc940     m_brain.obj
 0003:00012944       _sound_pain2               200dc944     m_brain.obj
 0003:00012948       _sound_sight               200dc948     m_brain.obj
 0003:0001294c       _sound_search              200dc94c     m_brain.obj
 0003:00012950       _sound_melee1              200dc950     m_brain.obj
 0003:00012954       _sound_melee2              200dc954     m_brain.obj
 0003:00012958       _sound_melee3              200dc958     m_brain.obj
 0003:0001295c       _sound_missile_prelaunch   200dc95c     m_chick.obj
 0003:00012960       _sound_missile_launch      200dc960     m_chick.obj
 0003:00012964       _sound_melee_swing         200dc964     m_chick.obj
 0003:00012968       _sound_melee_hit           200dc968     m_chick.obj
 0003:0001296c       _sound_missile_reload      200dc96c     m_chick.obj
 0003:00012970       _sound_death1              200dc970     m_chick.obj
 0003:00012974       _sound_death2              200dc974     m_chick.obj
 0003:00012978       _sound_fall_down           200dc978     m_chick.obj
 0003:0001297c       _sound_idle1               200dc97c     m_chick.obj
 0003:00012980       _sound_idle2               200dc980     m_chick.obj
 0003:00012984       _sound_pain1               200dc984     m_chick.obj
 0003:00012988       _sound_pain2               200dc988     m_chick.obj
 0003:0001298c       _sound_pain3               200dc98c     m_chick.obj
 0003:00012990       _sound_sight               200dc990     m_chick.obj
 0003:00012994       _sound_search              200dc994     m_chick.obj
 0003:00012998       _sound_chomp               200dc998     m_flipper.obj
 0003:0001299c       _sound_attack              200dc99c     m_flipper.obj
 0003:000129a0       _sound_pain1               200dc9a0     m_flipper.obj
 0003:000129a4       _sound_pain2               200dc9a4     m_flipper.obj
 0003:000129a8       _sound_death               200dc9a8     m_flipper.obj
 0003:000129ac       _sound_idle                200dc9ac     m_flipper.obj
 0003:000129b0       _sound_search              200dc9b0     m_flipper.obj
 0003:000129b4       _sound_sight               200dc9b4     m_flipper.obj
 0003:000129b8       _sound_attack2             200dc9b8     m_float.obj
 0003:000129bc       _sound_attack3             200dc9bc     m_float.obj
 0003:000129c0       _sound_death1              200dc9c0     m_float.obj
 0003:000129c4       _sound_idle                200dc9c4     m_float.obj
 0003:000129c8       _sound_pain1               200dc9c8     m_float.obj
 0003:000129cc       _sound_pain2               200dc9cc     m_float.obj
 0003:000129d0       _sound_sight               200dc9d0     m_float.obj
 0003:000129d4       _nextmove                  200dc9d4     m_flyer.obj
 0003:000129d8       _sound_sight               200dc9d8     m_flyer.obj
 0003:000129dc       _sound_idle                200dc9dc     m_flyer.obj
 0003:000129e0       _sound_pain1               200dc9e0     m_flyer.obj
 0003:000129e4       _sound_pain2               200dc9e4     m_flyer.obj
 0003:000129e8       _sound_slash               200dc9e8     m_flyer.obj
 0003:000129ec       _sound_sproing             200dc9ec     m_flyer.obj
 0003:000129f0       _sound_die                 200dc9f0     m_flyer.obj
 0003:000129f4       _sound_pain1               200dc9f4     m_gladiator.obj
 0003:000129f8       _sound_pain2               200dc9f8     m_gladiator.obj
 0003:000129fc       _sound_die                 200dc9fc     m_gladiator.obj
 0003:00012a00       _sound_gun                 200dca00     m_gladiator.obj
 0003:00012a04       _sound_cleaver_swing       200dca04     m_gladiator.obj
 0003:00012a08       _sound_cleaver_hit         200dca08     m_gladiator.obj
 0003:00012a0c       _sound_cleaver_miss        200dca0c     m_gladiator.obj
 0003:00012a10       _sound_idle                200dca10     m_gladiator.obj
 0003:00012a14       _sound_search              200dca14     m_gladiator.obj
 0003:00012a18       _sound_sight               200dca18     m_gladiator.obj
 0003:00012a1c       _sound_pain                200dca1c     m_gunner.obj
 0003:00012a20       _sound_pain2               200dca20     m_gunner.obj
 0003:00012a24       _sound_death               200dca24     m_gunner.obj
 0003:00012a28       _sound_idle                200dca28     m_gunner.obj
 0003:00012a2c       _sound_open                200dca2c     m_gunner.obj
 0003:00012a30       _sound_search              200dca30     m_gunner.obj
 0003:00012a34       _sound_sight               200dca34     m_gunner.obj
 0003:00012a38       _sound_pain1               200dca38     m_hover.obj
 0003:00012a3c       _sound_pain2               200dca3c     m_hover.obj
 0003:00012a40       _sound_death1              200dca40     m_hover.obj
 0003:00012a44       _sound_death2              200dca44     m_hover.obj
 0003:00012a48       _sound_sight               200dca48     m_hover.obj
 0003:00012a4c       _sound_search1             200dca4c     m_hover.obj
 0003:00012a50       _sound_search2             200dca50     m_hover.obj
 0003:00012a54       _sound_pain1               200dca54     m_infantry.obj
 0003:00012a58       _sound_pain2               200dca58     m_infantry.obj
 0003:00012a5c       _sound_die1                200dca5c     m_infantry.obj
 0003:00012a60       _sound_die2                200dca60     m_infantry.obj
 0003:00012a64       _sound_gunshot             200dca64     m_infantry.obj
 0003:00012a68       _sound_weapon_cock         200dca68     m_infantry.obj
 0003:00012a6c       _sound_punch_swing         200dca6c     m_infantry.obj
 0003:00012a70       _sound_punch_hit           200dca70     m_infantry.obj
 0003:00012a74       _sound_sight               200dca74     m_infantry.obj
 0003:00012a78       _sound_search              200dca78     m_infantry.obj
 0003:00012a7c       _sound_idle                200dca7c     m_infantry.obj
 0003:00012a80       _sound_fist                200dca80     m_insane.obj
 0003:00012a84       _sound_shake               200dca84     m_insane.obj
 0003:00012a88       _sound_moan                200dca88     m_insane.obj
 0003:00012a8c       _sound_scream              200dca8c     m_insane.obj
 0003:00012aac       _sound_idle1               200dcaac     m_medic.obj
 0003:00012ab0       _sound_pain1               200dcab0     m_medic.obj
 0003:00012ab4       _sound_pain2               200dcab4     m_medic.obj
 0003:00012ab8       _sound_die                 200dcab8     m_medic.obj
 0003:00012abc       _sound_sight               200dcabc     m_medic.obj
 0003:00012ac0       _sound_search              200dcac0     m_medic.obj
 0003:00012ac4       _sound_hook_launch         200dcac4     m_medic.obj
 0003:00012ac8       _sound_hook_hit            200dcac8     m_medic.obj
 0003:00012acc       _sound_hook_heal           200dcacc     m_medic.obj
 0003:00012ad0       _sound_hook_retract        200dcad0     m_medic.obj
 0003:00012ad4       _sound_swing               200dcad4     m_mutant.obj
 0003:00012ad8       _sound_hit                 200dcad8     m_mutant.obj
 0003:00012adc       _sound_hit2                200dcadc     m_mutant.obj
 0003:00012ae0       _sound_death               200dcae0     m_mutant.obj
 0003:00012ae4       _sound_idle                200dcae4     m_mutant.obj
 0003:00012ae8       _sound_pain1               200dcae8     m_mutant.obj
 0003:00012aec       _sound_pain2               200dcaec     m_mutant.obj
 0003:00012af0       _sound_sight               200dcaf0     m_mutant.obj
 0003:00012af4       _sound_search              200dcaf4     m_mutant.obj
 0003:00012af8       _sound_step1               200dcaf8     m_mutant.obj
 0003:00012afc       _sound_step2               200dcafc     m_mutant.obj
 0003:00012b00       _sound_step3               200dcb00     m_mutant.obj
 0003:00012b04       _sound_thud                200dcb04     m_mutant.obj
 0003:00012b08       _sound_pain1               200dcb08     m_parasite.obj
 0003:00012b0c       _sound_pain2               200dcb0c     m_parasite.obj
 0003:00012b10       _sound_die                 200dcb10     m_parasite.obj
 0003:00012b14       _sound_launch              200dcb14     m_parasite.obj
 0003:00012b18       _sound_impact              200dcb18     m_parasite.obj
 0003:00012b1c       _sound_suck                200dcb1c     m_parasite.obj
 0003:00012b20       _sound_reelin              200dcb20     m_parasite.obj
 0003:00012b24       _sound_sight               200dcb24     m_parasite.obj
 0003:00012b28       _sound_tap                 200dcb28     m_parasite.obj
 0003:00012b2c       _sound_scratch             200dcb2c     m_parasite.obj
 0003:00012b30       _sound_search              200dcb30     m_parasite.obj
 0003:00012b34       _sound_idle                200dcb34     m_soldier.obj
 0003:00012b38       _sound_sight1              200dcb38     m_soldier.obj
 0003:00012b3c       _sound_sight2              200dcb3c     m_soldier.obj
 0003:00012b40       _sound_pain_light          200dcb40     m_soldier.obj
 0003:00012b44       _sound_pain                200dcb44     m_soldier.obj
 0003:00012b48       _sound_pain_ss             200dcb48     m_soldier.obj
 0003:00012b4c       _sound_death_light         200dcb4c     m_soldier.obj
 0003:00012b50       _sound_death               200dcb50     m_soldier.obj
 0003:00012b54       _sound_death_ss            200dcb54     m_soldier.obj
 0003:00012b58       _sound_cock                200dcb58     m_soldier.obj
 0003:00012b5c       _sound_pain1               200dcb5c     m_supertank.obj
 0003:00012b60       _sound_pain2               200dcb60     m_supertank.obj
 0003:00012b64       _sound_pain3               200dcb64     m_supertank.obj
 0003:00012b68       _sound_death               200dcb68     m_supertank.obj
 0003:00012b6c       _sound_search1             200dcb6c     m_supertank.obj
 0003:00012b70       _sound_search2             200dcb70     m_supertank.obj
 0003:00012b74       _tread_sound               200dcb74     m_supertank.obj
 0003:00012b78       _sound_thud                200dcb78     m_tank.obj
 0003:00012b7c       _sound_pain                200dcb7c     m_tank.obj
 0003:00012b80       _sound_idle                200dcb80     m_tank.obj
 0003:00012b84       _sound_die                 200dcb84     m_tank.obj
 0003:00012b88       _sound_step                200dcb88     m_tank.obj
 0003:00012b8c       _sound_sight               200dcb8c     m_tank.obj
 0003:00012b90       _sound_windup              200dcb90     m_tank.obj
 0003:00012b94       _sound_strike              200dcb94     m_tank.obj
 0003:00012b98       ?i@?8??player_die@@9@9     200dcb98     p_client.obj
 0003:00012ba0       _current_player            200dcba0     p_view.obj
 0003:00012ba4       _current_client            200dcba4     p_view.obj
 0003:00012ba8       _forward                   200dcba8     p_view.obj
 0003:00012bb4       _right                     200dcbb4     p_view.obj
 0003:00012bc0       _up                        200dcbc0     p_view.obj
 0003:00012bcc       ?i@?2??P_DamageFeedback@@9@9 200dcbcc     p_view.obj
 0003:00012bd0       ?pause_frames@?1??Weapon_HyperBlaster@@9@9 200dcbd0     p_weapon.obj
 0003:00012bd4       _is_quad                   200dcbd4     p_weapon.obj
 0003:00012bd8       _is_silenced               200dcbd8     p_weapon.obj
 0003:00012bec       ?sr@?1??AngleVectors@@9@9  200dcbec     q_shared.obj
 0003:00012bf0       ?sp@?1??AngleVectors@@9@9  200dcbf0     q_shared.obj
 0003:00012bf4       ?sy@?1??AngleVectors@@9@9  200dcbf4     q_shared.obj
 0003:00012bf8       ?cr@?1??AngleVectors@@9@9  200dcbf8     q_shared.obj
 0003:00012bfc       ?cp@?1??AngleVectors@@9@9  200dcbfc     q_shared.obj
 0003:00012c00       ?cy@?1??AngleVectors@@9@9  200dcc00     q_shared.obj
 0003:00012c04       ?tmp@?1??Q_ftol@@9@9       200dcc04     q_shared.obj
 0003:00012c08       ?bops_initialized@?1??BoxOnPlaneSide@@9@9 200dcc08     q_shared.obj
 0003:00012c0c       ?Ljmptab@?1??BoxOnPlaneSide@@9@9 200dcc0c     q_shared.obj
 0003:00012c2c       ?exten@?1??COM_FileExtension@@9@9 200dcc2c     q_shared.obj
 0003:00012c34       ?valueindex@?1??Info_ValueForKey@@9@9 200dcc34     q_shared.obj
 0003:00012c38       ?string@?1??va@@9@9        200dcc38     q_shared.obj
 0003:00013038       ?value@?1??Info_ValueForKey@@9@9 200dd038     q_shared.obj
 0003:00013440       _GS_ExceptionRecord        200dd440     LIBCMTD:gs_report.obj
 0003:00013490       _GS_ContextRecord          200dd490     LIBCMTD:gs_report.obj
 0003:0001375c       _DebuggerWasPresent        200dd75c     LIBCMTD:gs_report.obj
 0003:00013760       ___proc_attached           200dd760     LIBCMTD:dllcrt0.obj
 0003:00013778       __pmatherr_set             200dd778     LIBCMTD:libm_error.obj
 0003:00013780       _check_frequency           200dd780     LIBCMTD:dbgheap.obj
 0003:00013788       _check_counter             200dd788     LIBCMTD:dbgheap.obj
 0003:0001378c       __lTotalAlloc              200dd78c     LIBCMTD:dbgheap.obj
 0003:00013790       __lCurAlloc                200dd790     LIBCMTD:dbgheap.obj
 0003:00013794       __lMaxAlloc                200dd794     LIBCMTD:dbgheap.obj
 0003:00013798       __pFirstBlock              200dd798     LIBCMTD:dbgheap.obj
 0003:0001379c       __pLastBlock               200dd79c     LIBCMTD:dbgheap.obj
 0003:000137a0       _lastTZ                    200dd7a0     LIBCMTD:tzset.obj
 0003:000137a4       ?first_time@?1??__tzset@@9@9 200dd7a4     LIBCMTD:tzset.obj
 0003:000137a8       _tzapiused                 200dd7a8     LIBCMTD:tzset.obj
 0003:000137b0       _tzinfo                    200dd7b0     LIBCMTD:tzset.obj
 0003:00013878       _fSystemSet                200dd878     LIBCMTD:mbctype.obj
 0003:000139c8       ?_pgmname@?1??_setargv@@9@9 200dd9c8     LIBCMTD:stdargv.obj
 0003:00013ad0       _lclcritsects              200ddad0     LIBCMTD:mlock.obj
 0003:00013c3c       _ctrlc_action              200ddc3c     LIBCMTD:winsig.obj
 0003:00013c40       _ctrlbreak_action          200ddc40     LIBCMTD:winsig.obj
 0003:00013c44       _abort_action              200ddc44     LIBCMTD:winsig.obj
 0003:00013c48       _term_action               200ddc48     LIBCMTD:winsig.obj
 0003:00013c4c       _ConsoleCtrlHandler_Installed 200ddc4c     LIBCMTD:winsig.obj
 0003:00013c50       ?pfnMessageBox@?1??__crtMessageBoxW@@9@9 200ddc50     LIBCMTD:crtmboxw.obj
 0003:00013c54       ?pfnGetActiveWindow@?1??__crtMessageBoxW@@9@9 200ddc54     LIBCMTD:crtmboxw.obj
 0003:00013c58       ?pfnGetLastActivePopup@?1??__crtMessageBoxW@@9@9 200ddc58     LIBCMTD:crtmboxw.obj
 0003:00013c5c       ?pfnGetProcessWindowStation@?1??__crtMessageBoxW@@9@9 200ddc5c     LIBCMTD:crtmboxw.obj
 0003:00013c60       ?pfnGetUserObjectInformation@?1??__crtMessageBoxW@@9@9 200ddc60     LIBCMTD:crtmboxw.obj
 0003:00013c64       ___enable_percent_n        200ddc64     LIBCMTD:printf.obj
 0003:00013c7c       ___crtCallProc             200ddc7c     LIBCMTD:winapinls.obj
 0003:00013c88       ?outmsg@?L@??_NMSG_WRITE@@9@9 200ddc88     LIBCMTD:crt0msg.obj
 0003:000142b8       _g_pfnRtlGenRandom         200de2b8     LIBCMTD:rand_s.obj
 0003:000142c4       ___type_info_root_node     200de2c4     LIBCMTD:typname.obj
 0003:000142f8       _heap                      200de2f8     LIBCMTD:undname.obj
 0003:00014310       ?buf@?1??dbGetString@DName@@QBEPADXZ@4PADA 200de310     LIBCMTD:undname.obj
 0004:00000060       $R000000                   200ea060     * linker generated manifest res *
